Archive member included to satisfy reference by file (symbol)

/home/eddie/workspace/msdk/Libraries/PeriphDrivers/bin/MAX32655/softfp/libPeriphDriver_softfp.a(mxc_delay.o)
                              /home/eddie/projects/cubeAlert/FreeRTOSDemo/build/max20303.o (MXC_Delay)
/home/eddie/workspace/msdk/Libraries/PeriphDrivers/bin/MAX32655/softfp/libPeriphDriver_softfp.a(sys_me17.o)
                              /home/eddie/projects/cubeAlert/FreeRTOSDemo/build/board.o (MXC_SYS_ClockEnable)
/home/eddie/workspace/msdk/Libraries/PeriphDrivers/bin/MAX32655/softfp/libPeriphDriver_softfp.a(aes_me17.o)
                              /home/eddie/workspace/msdk/Libraries/PeriphDrivers/bin/MAX32655/softfp/libPeriphDriver_softfp.a(sys_me17.o) (MXC_AES_Init)
/home/eddie/workspace/msdk/Libraries/PeriphDrivers/bin/MAX32655/softfp/libPeriphDriver_softfp.a(aes_revb.o)
                              /home/eddie/workspace/msdk/Libraries/PeriphDrivers/bin/MAX32655/softfp/libPeriphDriver_softfp.a(aes_me17.o) (MXC_AES_RevB_IsBusy)
/home/eddie/workspace/msdk/Libraries/PeriphDrivers/bin/MAX32655/softfp/libPeriphDriver_softfp.a(dma_me17.o)
                              /home/eddie/workspace/msdk/Libraries/PeriphDrivers/bin/MAX32655/softfp/libPeriphDriver_softfp.a(aes_revb.o) (MXC_DMA_Init)
/home/eddie/workspace/msdk/Libraries/PeriphDrivers/bin/MAX32655/softfp/libPeriphDriver_softfp.a(dma_reva.o)
                              /home/eddie/workspace/msdk/Libraries/PeriphDrivers/bin/MAX32655/softfp/libPeriphDriver_softfp.a(dma_me17.o) (MXC_DMA_RevA_Init)
/home/eddie/workspace/msdk/Libraries/PeriphDrivers/bin/MAX32655/softfp/libPeriphDriver_softfp.a(flc_me17.o)
                              /home/eddie/workspace/msdk/Libraries/PeriphDrivers/bin/MAX32655/softfp/libPeriphDriver_softfp.a(sys_me17.o) (MXC_FLC_UnlockInfoBlock)
/home/eddie/workspace/msdk/Libraries/PeriphDrivers/bin/MAX32655/softfp/libPeriphDriver_softfp.a(flc_reva.o)
                              /home/eddie/workspace/msdk/Libraries/PeriphDrivers/bin/MAX32655/softfp/libPeriphDriver_softfp.a(flc_me17.o) (MXC_FLC_RevA_Busy)
/home/eddie/workspace/msdk/Libraries/PeriphDrivers/bin/MAX32655/softfp/libPeriphDriver_softfp.a(gpio_me17.o)
                              /home/eddie/projects/cubeAlert/FreeRTOSDemo/build/pb.o (MXC_GPIO_InGet)
/home/eddie/workspace/msdk/Libraries/PeriphDrivers/bin/MAX32655/softfp/libPeriphDriver_softfp.a(gpio_reva.o)
                              /home/eddie/workspace/msdk/Libraries/PeriphDrivers/bin/MAX32655/softfp/libPeriphDriver_softfp.a(gpio_me17.o) (MXC_GPIO_RevA_InGet)
/home/eddie/workspace/msdk/Libraries/PeriphDrivers/bin/MAX32655/softfp/libPeriphDriver_softfp.a(i2c_me17.o)
                              /home/eddie/projects/cubeAlert/FreeRTOSDemo/build/max20303.o (MXC_I2C_Init)
/home/eddie/workspace/msdk/Libraries/PeriphDrivers/bin/MAX32655/softfp/libPeriphDriver_softfp.a(i2c_reva.o)
                              /home/eddie/workspace/msdk/Libraries/PeriphDrivers/bin/MAX32655/softfp/libPeriphDriver_softfp.a(i2c_me17.o) (MXC_I2C_RevA_DMACallback)
/home/eddie/workspace/msdk/Libraries/PeriphDrivers/bin/MAX32655/softfp/libPeriphDriver_softfp.a(icc_me17.o)
                              /home/eddie/projects/cubeAlert/FreeRTOSDemo/build/system_max32655.o (MXC_ICC_Enable)
/home/eddie/workspace/msdk/Libraries/PeriphDrivers/bin/MAX32655/softfp/libPeriphDriver_softfp.a(icc_reva.o)
                              /home/eddie/workspace/msdk/Libraries/PeriphDrivers/bin/MAX32655/softfp/libPeriphDriver_softfp.a(icc_me17.o) (MXC_ICC_RevA_ID)
/home/eddie/workspace/msdk/Libraries/PeriphDrivers/bin/MAX32655/softfp/libPeriphDriver_softfp.a(lp_me17.o)
                              /home/eddie/projects/cubeAlert/FreeRTOSDemo/build/freertos_tickless.o (MXC_LP_EnterSleepMode)
/home/eddie/workspace/msdk/Libraries/PeriphDrivers/bin/MAX32655/softfp/libPeriphDriver_softfp.a(simo_me17.o)
                              /home/eddie/projects/cubeAlert/FreeRTOSDemo/build/system_max32655.o (MXC_SIMO_SetVregO_A)
/home/eddie/workspace/msdk/Libraries/PeriphDrivers/bin/MAX32655/softfp/libPeriphDriver_softfp.a(simo_reva.o)
                              /home/eddie/workspace/msdk/Libraries/PeriphDrivers/bin/MAX32655/softfp/libPeriphDriver_softfp.a(simo_me17.o) (MXC_SIMO_RevA_SetVregO_A)
/home/eddie/workspace/msdk/Libraries/PeriphDrivers/bin/MAX32655/softfp/libPeriphDriver_softfp.a(spi_me17.o)
                              /home/eddie/projects/cubeAlert/FreeRTOSDemo/build/board.o (MXC_SPI_Init)
/home/eddie/workspace/msdk/Libraries/PeriphDrivers/bin/MAX32655/softfp/libPeriphDriver_softfp.a(spi_reva1.o)
                              /home/eddie/workspace/msdk/Libraries/PeriphDrivers/bin/MAX32655/softfp/libPeriphDriver_softfp.a(spi_me17.o) (MXC_SPI_RevA1_Init)
/home/eddie/workspace/msdk/Libraries/PeriphDrivers/bin/MAX32655/softfp/libPeriphDriver_softfp.a(trng_revb.o)
[...]
Memory Configuration

Name             Origin             Length             Attributes
ROM              0x0000000000000000 0x0000000000010000 xr
FLASH            0x0000000010000000 0x0000000000080000 xr
PAL_NVM_DB       0x0000000010080000 0x0000000000000000 r
RISCV_FLASH      0x0000000010080000 0x0000000000000000 xr
SRAM             0x0000000020000000 0x0000000000020000 xrw
MAILBOX_0        0x0000000020020000 0x0000000000000000 rw
MAILBOX_1        0x0000000020020000 0x0000000000000000 rw
RISCV_SRAM       0x0000000020020000 0x0000000000000000 xrw
*default*        0x0000000000000000 0xffffffffffffffff

Linker script and memory map

LOAD /home/eddie/arm/arm_tools/bin/../lib/gcc/arm-none-eabi/10.3.1/thumb/v7e-m+fp/softfp/crti.o
LOAD /home/eddie/arm/arm_tools/bin/../lib/gcc/arm-none-eabi/10.3.1/thumb/v7e-m+fp/softfp/crtbegin.o
LOAD /home/eddie/arm/arm_tools/bin/../lib/gcc/arm-none-eabi/10.3.1/../../../../arm-none-eabi/lib/thumb/v7e-m+fp/softfp/crt0.o
LOAD /home/eddie/projects/cubeAlert/FreeRTOSDemo/build/CLI-commands.o
LOAD /home/eddie/projects/cubeAlert/FreeRTOSDemo/build/freertos_tickless.o
LOAD /home/eddie/projects/cubeAlert/FreeRTOSDemo/build/main.o
LOAD /home/eddie/projects/cubeAlert/FreeRTOSDemo/build/board.o
LOAD /home/eddie/projects/cubeAlert/FreeRTOSDemo/build/stdio.o
LOAD /home/eddie/projects/cubeAlert/FreeRTOSDemo/build/led.o
LOAD /home/eddie/projects/cubeAlert/FreeRTOSDemo/build/pb.o
LOAD /home/eddie/projects/cubeAlert/FreeRTOSDemo/build/max20303.o
LOAD /home/eddie/projects/cubeAlert/FreeRTOSDemo/build/w25.o
LOAD /home/eddie/projects/cubeAlert/FreeRTOSDemo/build/FreeRTOS_CLI.o
LOAD /home/eddie/projects/cubeAlert/FreeRTOSDemo/build/startup_max32655.o
LOAD /home/eddie/projects/cubeAlert/FreeRTOSDemo/build/heap.o
LOAD /home/eddie/projects/cubeAlert/FreeRTOSDemo/build/system_max32655.o
START GROUP
LOAD /home/eddie/workspace/msdk/Libraries/PeriphDrivers/bin/MAX32655/softfp/libPeriphDriver_softfp.a
LOAD /home/eddie/projects/cubeAlert/FreeRTOSDemo/build/FreeRTOS/librtos.a
LOAD /home/eddie/arm/arm_tools/bin/../lib/gcc/arm-none-eabi/10.3.1/../../../../arm-none-eabi/lib/thumb/v7e-m+fp/softfp/libc.a
LOAD /home/eddie/arm/arm_tools/bin/../lib/gcc/arm-none-eabi/10.3.1/../../../../arm-none-eabi/lib/thumb/v7e-m+fp/softfp/libm.a
LOAD /home/eddie/arm/arm_tools/bin/../lib/gcc/arm-none-eabi/10.3.1/../../../../arm-none-eabi/lib/thumb/v7e-m+fp/softfp/libnosys.a
END GROUP
START GROUP
LOAD /home/eddie/arm/arm_tools/bin/../lib/gcc/arm-none-eabi/10.3.1/thumb/v7e-m+fp/softfp/libgcc.a
LOAD /home/eddie/arm/arm_tools/bin/../lib/gcc/arm-none-eabi/10.3.1/../../../../arm-none-eabi/lib/thumb/v7e-m+fp/softfp/libc.a
END GROUP
LOAD /home/eddie/arm/arm_tools/bin/../lib/gcc/arm-none-eabi/10.3.1/thumb/v7e-m+fp/softfp/crtend.o
LOAD /home/eddie/arm/arm_tools/bin/../lib/gcc/arm-none-eabi/10.3.1/thumb/v7e-m+fp/softfp/crtn.o
                0x0000000000080000                FLASH_MEM_SIZE = (_ARM_FLASH_SIZE - _PAL_NVM_SIZE)
                0x0000000010080000                PAL_NVM_ORIGIN = ((_ARM_FLASH_SIZE - _PAL_NVM_SIZE) + _ARM_FLASH_ORIGIN)
                0x0000000010080000                RISCV_FLASH_ORIGIN = (PAL_NVM_ORIGIN + _PAL_NVM_SIZE)
                0x0000000000000000                RISCV_FLASH_SIZE = (_FLASH_SIZE - _ARM_FLASH_SIZE)
                0x0000000020020000                MAILBOX_ORIGIN = (_ARM_SRAM_ORIGIN + _ARM_SRAM_SIZE)
                0x0000000020020000                RISCV_SRAM_ORIGIN = (MAILBOX_ORIGIN + (0x2 * _MAILBOX_SIZE))
                0x0000000000000000                RISCV_SRAM_SIZE = ((_SRAM_SIZE - _ARM_SRAM_SIZE) - (0x2 * _MAILBOX_SIZE))

.rom
 *(.rom_vector)
 *(.rom_handlers*)

.text           0x0000000010000000     0xe9b4
                0x0000000010000000                _text = .
 *(.isr_vector)
 .isr_vector    0x0000000010000000      0x1f8 /home/eddie/projects/cubeAlert/FreeRTOSDemo/build/startup_max32655.o
                0x0000000010000000                __isr_vector
 EXCLUDE_FILE(*riscv.o) *(.text*)
 .text          0x00000000100001f8       0x40 /home/eddie/arm/arm_tools/bin/../lib/gcc/arm-none-eabi/10.3.1/thumb/v7e-m+fp/softfp/crtbegin.o
 .text.prvTickless
                0x0000000010000238       0x70 /home/eddie/projects/cubeAlert/FreeRTOSDemo/build/CLI-commands.o
 .text.prvParameterEchoCommand
                0x00000000100002a8       0x84 /home/eddie/projects/cubeAlert/FreeRTOSDemo/build/CLI-commands.o
 .text.prvThreeParameterEchoCommand
                0x000000001000032c       0x84 /home/eddie/projects/cubeAlert/FreeRTOSDemo/build/CLI-commands.o
 .text.prvUptimeCommand
                0x00000000100003b0       0x24 /home/eddie/projects/cubeAlert/FreeRTOSDemo/build/CLI-commands.o
 .text.prvTaskStatsCommand
                0x00000000100003d4       0x20 /home/eddie/projects/cubeAlert/FreeRTOSDemo/build/CLI-commands.o
 .text.vRegisterCLICommands
                0x00000000100003f4       0x38 /home/eddie/projects/cubeAlert/FreeRTOSDemo/build/CLI-commands.o
                0x00000000100003f4                vRegisterCLICommands
 .text.wutHitSnooze
                0x000000001000042c       0x24 /home/eddie/projects/cubeAlert/FreeRTOSDemo/build/freertos_tickless.o
                0x000000001000042c                wutHitSnooze
 .text.vTask0   0x0000000010000450       0x44 /home/eddie/projects/cubeAlert/FreeRTOSDemo/build/main.o
                0x0000000010000450                vTask0
 .text.vTask1   0x0000000010000494       0x50 /home/eddie/projects/cubeAlert/FreeRTOSDemo/build/main.o
                0x0000000010000494                vTask1
 .text.vCmdLineTask_cb
                0x00000000100004e4       0x34 /home/eddie/projects/cubeAlert/FreeRTOSDemo/build/main.o
                0x00000000100004e4                vCmdLineTask_cb
 .text.vCmdLineTask
                0x0000000010000518      0x1bc /home/eddie/projects/cubeAlert/FreeRTOSDemo/build/main.o
                0x0000000010000518                vCmdLineTask
 .text.sensorCharCb
                0x00000000100006d4       0x34 /home/eddie/projects/cubeAlert/FreeRTOSDemo/build/main.o
                0x00000000100006d4                sensorCharCb
 .text.UART0_IRQHandler
                0x0000000010000708       0x14 /home/eddie/projects/cubeAlert/FreeRTOSDemo/build/main.o
                0x0000000010000708                UART0_IRQHandler
 .text.UART3_IRQHandler
                0x000000001000071c       0x14 /home/eddie/projects/cubeAlert/FreeRTOSDemo/build/main.o
                0x000000001000071c                UART3_IRQHandler
 .text.WUT0_IRQHandler
                0x0000000010000730       0x1c /home/eddie/projects/cubeAlert/FreeRTOSDemo/build/main.o
                0x0000000010000730                WUT0_IRQHandler
 .text.initSensorUart
                0x000000001000074c       0x6c /home/eddie/projects/cubeAlert/FreeRTOSDemo/build/main.o
                0x000000001000074c                initSensorUart
 .text.main     0x00000000100007b8       0xe4 /home/eddie/projects/cubeAlert/FreeRTOSDemo/build/main.o
                0x00000000100007b8                main
 .text.ext_flash_clock
                0x000000001000089c       0x7c /home/eddie/projects/cubeAlert/FreeRTOSDemo/build/board.o
 .text.ext_flash_board_init_quad
                0x0000000010000918       0x48 /home/eddie/projects/cubeAlert/FreeRTOSDemo/build/board.o
 .text.ext_flash_board_write
                0x0000000010000960       0x7c /home/eddie/projects/cubeAlert/FreeRTOSDemo/build/board.o
 .text.ext_flash_board_read
                0x00000000100009dc       0x7c /home/eddie/projects/cubeAlert/FreeRTOSDemo/build/board.o
 .text.ext_flash_board_init
                0x0000000010000a58       0x74 /home/eddie/projects/cubeAlert/FreeRTOSDemo/build/board.o
 .text.GPIO0_IRQHandler
                0x0000000010000acc        0xa /home/eddie/projects/cubeAlert/FreeRTOSDemo/build/board.o
                0x0000000010000acc                GPIO0_IRQHandler
 *fill*         0x0000000010000ad6        0x2 
 .text.mxc_assert
                0x0000000010000ad8       0x10 /home/eddie/projects/cubeAlert/FreeRTOSDemo/build/board.o
                0x0000000010000ad8                mxc_assert
 .text.Console_Init
                0x0000000010000ae8       0x18 /home/eddie/projects/cubeAlert/FreeRTOSDemo/build/board.o
                0x0000000010000ae8                Console_Init
 .text.Board_Init
                0x0000000010000b00       0x6c /home/eddie/projects/cubeAlert/FreeRTOSDemo/build/board.o
                0x0000000010000b00                Board_Init
 .text.NMI_Handler
                0x0000000010000b6c        0x4 /home/eddie/projects/cubeAlert/FreeRTOSDemo/build/board.o
                0x0000000010000b6c                NMI_Handler
 .text._close   0x0000000010000b70        0x6 /home/eddie/projects/cubeAlert/FreeRTOSDemo/build/stdio.o
                0x0000000010000b70                _close
 .text._isatty  0x0000000010000b76        0x6 /home/eddie/projects/cubeAlert/FreeRTOSDemo/build/stdio.o
                0x0000000010000b76                _isatty
 .text._lseek   0x0000000010000b7c        0x6 /home/eddie/projects/cubeAlert/FreeRTOSDemo/build/stdio.o
                0x0000000010000b7c                _lseek
 .text._fstat   0x0000000010000b82        0x6 /home/eddie/projects/cubeAlert/FreeRTOSDemo/build/stdio.o
                0x0000000010000b82                _fstat
 .text._read    0x0000000010000b88       0x50 /home/eddie/projects/cubeAlert/FreeRTOSDemo/build/stdio.o
                0x0000000010000b88                _read
 .text._write   0x0000000010000bd8       0x58 /home/eddie/projects/cubeAlert/FreeRTOSDemo/build/stdio.o
                0x0000000010000bd8                _write
 .text.LED_On   0x0000000010000c30       0x44 /home/eddie/projects/cubeAlert/FreeRTOSDemo/build/led.o
                0x0000000010000c30                LED_On
 .text.LED_Off  0x0000000010000c74       0x44 /home/eddie/projects/cubeAlert/FreeRTOSDemo/build/led.o
                0x0000000010000c74                LED_Off
 .text.LED_Init
                0x0000000010000cb8       0x3c /home/eddie/projects/cubeAlert/FreeRTOSDemo/build/led.o
                0x0000000010000cb8                LED_Init
 .text.PB_Init  0x0000000010000cf4       0x38 /home/eddie/projects/cubeAlert/FreeRTOSDemo/build/pb.o
                0x0000000010000cf4                PB_Init
 .text.Ext_Flash_Configure
                0x0000000010000d2c       0x28 /home/eddie/projects/cubeAlert/FreeRTOSDemo/build/w25.o
                0x0000000010000d2c                Ext_Flash_Configure
 .text.prvGetNumberOfParameters
                0x0000000010000d54       0x28 /home/eddie/projects/cubeAlert/FreeRTOSDemo/build/FreeRTOS_CLI.o
 .text.prvHelpCommand
                0x0000000010000d7c       0x34 /home/eddie/projects/cubeAlert/FreeRTOSDemo/build/FreeRTOS_CLI.o
 .text.FreeRTOS_CLIRegisterCommand
                0x0000000010000db0       0x30 /home/eddie/projects/cubeAlert/FreeRTOSDemo/build/FreeRTOS_CLI.o
                0x0000000010000db0                FreeRTOS_CLIRegisterCommand
 .text.FreeRTOS_CLIProcessCommand
                0x0000000010000de0       0xc8 /home/eddie/projects/cubeAlert/FreeRTOSDemo/build/FreeRTOS_CLI.o
                0x0000000010000de0                FreeRTOS_CLIProcessCommand
 .text.FreeRTOS_CLIGetParameter
                0x0000000010000ea8       0x50 /home/eddie/projects/cubeAlert/FreeRTOSDemo/build/FreeRTOS_CLI.o
                0x0000000010000ea8                FreeRTOS_CLIGetParameter
 .text          0x0000000010000ef8      0x154 /home/eddie/projects/cubeAlert/FreeRTOSDemo/build/startup_max32655.o
                0x0000000010000ef8                Reset_Handler
                0x0000000010000f36                HardFault_Handler
                0x0000000010000f38                MemManage_Handler
                0x0000000010000f3a                BusFault_Handler
                0x0000000010000f3c                UsageFault_Handler
                0x0000000010000f40                DebugMon_Handler
                0x0000000010000f46                Default_Handler
                0x0000000010000f48                PF_IRQHandler
                0x0000000010000f4a                WDT0_IRQHandler
                0x0000000010000f4c                RSV02_IRQHandler
                0x0000000010000f4e                RTC_IRQHandler
                0x0000000010000f50                TRNG_IRQHandler
                0x0000000010000f52                TMR0_IRQHandler
                0x0000000010000f54                TMR1_IRQHandler
                0x0000000010000f56                TMR2_IRQHandler
                0x0000000010000f58                TMR3_IRQHandler
                0x0000000010000f5a                TMR4_IRQHandler
                0x0000000010000f5c                TMR5_IRQHandler
                0x0000000010000f5e                RSV11_IRQHandler
                0x0000000010000f60                RSV12_IRQHandler
                0x0000000010000f62                I2C0_IRQHandler
                0x0000000010000f66                UART1_IRQHandler
                0x0000000010000f68                SPI1_IRQHandler
                0x0000000010000f6a                RSV17_IRQHandler
                0x0000000010000f6c                RSV18_IRQHandler
                0x0000000010000f6e                RSV19_IRQHandler
                0x0000000010000f70                ADC_IRQHandler
                0x0000000010000f72                RSV21_IRQHandler
                0x0000000010000f74                RSV22_IRQHandler
                0x0000000010000f76                FLC0_IRQHandler
                0x0000000010000f7a                GPIO1_IRQHandler
                0x0000000010000f7c                GPIO2_IRQHandler
                0x0000000010000f7e                RSV27_IRQHandler
                0x0000000010000f80                DMA0_IRQHandler
                0x0000000010000f82                DMA1_IRQHandler
                0x0000000010000f84                DMA2_IRQHandler
                0x0000000010000f86                DMA3_IRQHandler
                0x0000000010000f88                RSV32_IRQHandler
                0x0000000010000f8a                RSV33_IRQHandler
                0x0000000010000f8c                UART2_IRQHandler
                0x0000000010000f8e                RSV35_IRQHandler
                0x0000000010000f90                I2C1_IRQHandler
                0x0000000010000f92                RSV37_IRQHandler
                0x0000000010000f94                RSV38_IRQHandler
                0x0000000010000f96                BTLE_TX_DONE_IRQHandler
                0x0000000010000f98                BTLE_RX_RCVD_IRQHandler
                0x0000000010000f9a                BTLE_RX_ENG_DET_IRQHandler
                0x0000000010000f9c                BTLE_SFD_DET_IRQHandler
                0x0000000010000f9e                BTLE_SFD_TO_IRQHandler
                0x0000000010000fa0                BTLE_GP_EVENT_IRQHandler
                0x0000000010000fa2                BTLE_CFO_IRQHandler
                0x0000000010000fa4                BTLE_SIG_DET_IRQHandler
                0x0000000010000fa6                BTLE_AGC_EVENT_IRQHandler
                0x0000000010000fa8                BTLE_RFFE_SPIM_IRQHandler
                0x0000000010000faa                BTLE_TX_AES_IRQHandler
                0x0000000010000fac                BTLE_RX_AES_IRQHandler
                0x0000000010000fae                BTLE_INV_APB_ADDR_IRQHandler
                0x0000000010000fb0                BTLE_IQ_DATA_VALID_IRQHandler
                0x0000000010000fb4                GPIOWAKE_IRQHandler
                0x0000000010000fb6                RSV55_IRQHandler
                0x0000000010000fb8                SPI0_IRQHandler
                0x0000000010000fba                WDT1_IRQHandler
                0x0000000010000fbc                RSV57_IRQHandler
                0x0000000010000fbe                PT_IRQHandler
                0x0000000010000fc0                RSV60_IRQHandler
                0x0000000010000fc2                RSV61_IRQHandler
                0x0000000010000fc4                I2C2_IRQHandler
                0x0000000010000fc6                RISCV_IRQHandler
                0x0000000010000fc8                RSV64_IRQHandler
                0x0000000010000fca                RSV65_IRQHandler
                0x0000000010000fcc                RSV66_IRQHandler
                0x0000000010000fce                OWM_IRQHandler
                0x0000000010000fd0                RSV68_IRQHandler
                0x0000000010000fd2                RSV69_IRQHandler
                0x0000000010000fd4                RSV70_IRQHandler
                0x0000000010000fd6                RSV71_IRQHandler
                0x0000000010000fd8                RSV72_IRQHandler
                0x0000000010000fda                RSV73_IRQHandler
                0x0000000010000fdc                RSV74_IRQHandler
                0x0000000010000fde                RSV75_IRQHandler
                0x0000000010000fe0                RSV76_IRQHandler
                0x0000000010000fe2                RSV77_IRQHandler
                0x0000000010000fe4                RSV78_IRQHandler
                0x0000000010000fe6                RSV79_IRQHandler
                0x0000000010000fe8                RSV80_IRQHandler
                0x0000000010000fea                RSV81_IRQHandler
                0x0000000010000fec                ECC_IRQHandler
                0x0000000010000fee                DVS_IRQHandler
                0x0000000010000ff0                SIMO_IRQHandler
                0x0000000010000ff2                RSV85_IRQHandler
                0x0000000010000ff4                RSV86_IRQHandler
                0x0000000010000ff6                RSV87_IRQHandler
                0x0000000010000ffa                RSV89_IRQHandler
                0x0000000010000ffc                RSV90_IRQHandler
                0x0000000010000ffe                RSV91_IRQHandler
                0x0000000010001000                RSV92_IRQHandler
                0x0000000010001002                RSV93_IRQHandler
                0x0000000010001004                RSV94_IRQHandler
                0x0000000010001006                RSV95_IRQHandler
                0x0000000010001008                RSV96_IRQHandler
                0x000000001000100a                AES_IRQHandler
                0x000000001000100c                CRC_IRQHandler
                0x000000001000100e                I2S_IRQHandler
                0x0000000010001010                RSV116_IRQHandler
                0x0000000010001012                RSV117_IRQHandler
                0x0000000010001014                RSV118_IRQHandler
                0x0000000010001016                LPCMP_IRQHandler
                0x0000000010001018                RSV120_IRQHandler
                0x000000001000101a                RSV121_IRQHandler
                0x000000001000101c                RSV122_IRQHandler
                0x000000001000101e                RSV123_IRQHandler
                0x0000000010001020                RSV124_IRQHandler
                0x0000000010001022                WUT1_IRQHandler
 .text._sbrk    0x000000001000104c       0x40 /home/eddie/projects/cubeAlert/FreeRTOSDemo/build/heap.o
                0x000000001000104c                _sbrk
 .text.SystemCoreClockUpdate
                0x000000001000108c       0x80 /home/eddie/projects/cubeAlert/FreeRTOSDemo/build/system_max32655.o
                0x000000001000108c                SystemCoreClockUpdate
 .text.PreInit  0x000000001000110c       0x48 /home/eddie/projects/cubeAlert/FreeRTOSDemo/build/system_max32655.o
                0x000000001000110c                PreInit
 .text.PalSysInit
                0x0000000010001154        0x2 /home/eddie/projects/cubeAlert/FreeRTOSDemo/build/system_max32655.o
                0x0000000010001154                PalSysInit
 *fill*         0x0000000010001156        0x2 
 .text.SystemInit
                0x0000000010001158       0x7c /home/eddie/projects/cubeAlert/FreeRTOSDemo/build/system_max32655.o
                0x0000000010001158                SystemInit
 .text.MXC_DelayInit
                0x00000000100011d4       0x84 /home/eddie/workspace/msdk/Libraries/PeriphDrivers/bin/MAX32655/softfp/libPeriphDriver_softfp.a(mxc_delay.o)
 .text.MXC_DelayAsync
                0x0000000010001258       0x44 /home/eddie/workspace/msdk/Libraries/PeriphDrivers/bin/MAX32655/softfp/libPeriphDriver_softfp.a(mxc_delay.o)
                0x0000000010001258                MXC_DelayAsync
 .text.MXC_DelayAbort
                0x000000001000129c       0x34 /home/eddie/workspace/msdk/Libraries/PeriphDrivers/bin/MAX32655/softfp/libPeriphDriver_softfp.a(mxc_delay.o)
                0x000000001000129c                MXC_DelayAbort
 .text.MXC_DelayCheck
                0x00000000100012d0       0x64 /home/eddie/workspace/msdk/Libraries/PeriphDrivers/bin/MAX32655/softfp/libPeriphDriver_softfp.a(mxc_delay.o)
                0x00000000100012d0                MXC_DelayCheck
 .text.MXC_SYS_ClockDisable
                0x0000000010001334       0x48 /home/eddie/workspace/msdk/Libraries/PeriphDrivers/bin/MAX32655/softfp/libPeriphDriver_softfp.a(sys_me17.o)
                0x0000000010001334                MXC_SYS_ClockDisable
 .text.MXC_SYS_ClockEnable
                0x000000001000137c       0x50 /home/eddie/workspace/msdk/Libraries/PeriphDrivers/bin/MAX32655/softfp/libPeriphDriver_softfp.a(sys_me17.o)
                0x000000001000137c                MXC_SYS_ClockEnable
 .text.MXC_SYS_Clock_Timeout
                0x00000000100013cc       0x30 /home/eddie/workspace/msdk/Libraries/PeriphDrivers/bin/MAX32655/softfp/libPeriphDriver_softfp.a(sys_me17.o)
                0x00000000100013cc                MXC_SYS_Clock_Timeout
 .text.MXC_SYS_ClockSourceEnable
                0x00000000100013fc       0x9c /home/eddie/workspace/msdk/Libraries/PeriphDrivers/bin/MAX32655/softfp/libPeriphDriver_softfp.a(sys_me17.o)
                0x00000000100013fc                MXC_SYS_ClockSourceEnable
 .text.MXC_SYS_Clock_Select
                0x0000000010001498      0x19c /home/eddie/workspace/msdk/Libraries/PeriphDrivers/bin/MAX32655/softfp/libPeriphDriver_softfp.a(sys_me17.o)
                0x0000000010001498                MXC_SYS_Clock_Select
 .text.MXC_SYS_GetClockDiv
                0x0000000010001634        0xc /home/eddie/workspace/msdk/Libraries/PeriphDrivers/bin/MAX32655/softfp/libPeriphDriver_softfp.a(sys_me17.o)
                0x0000000010001634                MXC_SYS_GetClockDiv
 .text.MXC_SYS_SetClockDiv
                0x0000000010001640       0x24 /home/eddie/workspace/msdk/Libraries/PeriphDrivers/bin/MAX32655/softfp/libPeriphDriver_softfp.a(sys_me17.o)
                0x0000000010001640                MXC_SYS_SetClockDiv
 .text.MXC_SYS_Reset_Periph
                0x0000000010001664       0x58 /home/eddie/workspace/msdk/Libraries/PeriphDrivers/bin/MAX32655/softfp/libPeriphDriver_softfp.a(sys_me17.o)
                0x0000000010001664                MXC_SYS_Reset_Periph
 .text.MXC_GPIO_Init
                0x00000000100016bc       0x36 /home/eddie/workspace/msdk/Libraries/PeriphDrivers/bin/MAX32655/softfp/libPeriphDriver_softfp.a(gpio_me17.o)
                0x00000000100016bc                MXC_GPIO_Init
 *fill*         0x00000000100016f2        0x2 
 .text.MXC_GPIO_OutSet
                0x00000000100016f4       0x2c /home/eddie/workspace/msdk/Libraries/PeriphDrivers/bin/MAX32655/softfp/libPeriphDriver_softfp.a(gpio_me17.o)
                0x00000000100016f4                MXC_GPIO_OutSet
 .text.MXC_GPIO_OutClr
                0x0000000010001720       0x30 /home/eddie/workspace/msdk/Libraries/PeriphDrivers/bin/MAX32655/softfp/libPeriphDriver_softfp.a(gpio_me17.o)
                0x0000000010001720                MXC_GPIO_OutClr
 .text.MXC_GPIO_Handler
                0x0000000010001750        0x8 /home/eddie/workspace/msdk/Libraries/PeriphDrivers/bin/MAX32655/softfp/libPeriphDriver_softfp.a(gpio_me17.o)
                0x0000000010001750                MXC_GPIO_Handler
 .text.MXC_GPIO_ClearFlags
                0x0000000010001758       0x1c /home/eddie/workspace/msdk/Libraries/PeriphDrivers/bin/MAX32655/softfp/libPeriphDriver_softfp.a(gpio_me17.o)
                0x0000000010001758                MXC_GPIO_ClearFlags
 .text.MXC_GPIO_GetFlags
                0x0000000010001774       0x1c /home/eddie/workspace/msdk/Libraries/PeriphDrivers/bin/MAX32655/softfp/libPeriphDriver_softfp.a(gpio_me17.o)
                0x0000000010001774                MXC_GPIO_GetFlags
 .text.MXC_GPIO_SetVSSEL
                0x0000000010001790       0x20 /home/eddie/workspace/msdk/Libraries/PeriphDrivers/bin/MAX32655/softfp/libPeriphDriver_softfp.a(gpio_me17.o)
                0x0000000010001790                MXC_GPIO_SetVSSEL
 .text.MXC_GPIO_Config
                0x00000000100017b0      0x25c /home/eddie/workspace/msdk/Libraries/PeriphDrivers/bin/MAX32655/softfp/libPeriphDriver_softfp.a(gpio_me17.o)
                0x00000000100017b0                MXC_GPIO_Config
 .text.MXC_GPIO_RevA_OutSet
                0x0000000010001a0c        0x4 /home/eddie/workspace/msdk/Libraries/PeriphDrivers/bin/MAX32655/softfp/libPeriphDriver_softfp.a(gpio_reva.o)
                0x0000000010001a0c                MXC_GPIO_RevA_OutSet
 .text.MXC_GPIO_RevA_OutClr
                0x0000000010001a10        0x4 /home/eddie/workspace/msdk/Libraries/PeriphDrivers/bin/MAX32655/softfp/libPeriphDriver_softfp.a(gpio_reva.o)
                0x0000000010001a10                MXC_GPIO_RevA_OutClr
 .text.MXC_GPIO_RevA_ClearFlags
                0x0000000010001a14        0x4 /home/eddie/workspace/msdk/Libraries/PeriphDrivers/bin/MAX32655/softfp/libPeriphDriver_softfp.a(gpio_reva.o)
                0x0000000010001a14                MXC_GPIO_RevA_ClearFlags
 .text.MXC_GPIO_RevA_GetFlags
                0x0000000010001a18        0x4 /home/eddie/workspace/msdk/Libraries/PeriphDrivers/bin/MAX32655/softfp/libPeriphDriver_softfp.a(gpio_reva.o)
                0x0000000010001a18                MXC_GPIO_RevA_GetFlags
 .text.MXC_GPIO_RevA_SetVSSEL
                0x0000000010001a1c       0x2a /home/eddie/workspace/msdk/Libraries/PeriphDrivers/bin/MAX32655/softfp/libPeriphDriver_softfp.a(gpio_reva.o)
                0x0000000010001a1c                MXC_GPIO_RevA_SetVSSEL
 .text.MXC_GPIO_RevA_SetAF
                0x0000000010001a46       0x74 /home/eddie/workspace/msdk/Libraries/PeriphDrivers/bin/MAX32655/softfp/libPeriphDriver_softfp.a(gpio_reva.o)
                0x0000000010001a46                MXC_GPIO_RevA_SetAF
 .text.MXC_ICC_Enable
                0x0000000010001aba        0x8 /home/eddie/workspace/msdk/Libraries/PeriphDrivers/bin/MAX32655/softfp/libPeriphDriver_softfp.a(icc_me17.o)
                0x0000000010001aba                MXC_ICC_Enable
 .text.MXC_ICC_Ready
                0x0000000010001ac2        0xa /home/eddie/workspace/msdk/Libraries/PeriphDrivers/bin/MAX32655/softfp/libPeriphDriver_softfp.a(icc_reva.o)
 .text.MXC_ICC_RevA_Enable
                0x0000000010001acc       0x38 /home/eddie/workspace/msdk/Libraries/PeriphDrivers/bin/MAX32655/softfp/libPeriphDriver_softfp.a(icc_reva.o)
                0x0000000010001acc                MXC_ICC_RevA_Enable
 .text.MXC_SIMO_SetVregO_A
                0x0000000010001b04       0x10 /home/eddie/workspace/msdk/Libraries/PeriphDrivers/bin/MAX32655/softfp/libPeriphDriver_softfp.a(simo_me17.o)
                0x0000000010001b04                MXC_SIMO_SetVregO_A
 .text.MXC_SIMO_SetVregO_B
                0x0000000010001b14       0x10 /home/eddie/workspace/msdk/Libraries/PeriphDrivers/bin/MAX32655/softfp/libPeriphDriver_softfp.a(simo_me17.o)
                0x0000000010001b14                MXC_SIMO_SetVregO_B
 .text.MXC_SIMO_SetVregO_C
                0x0000000010001b24       0x10 /home/eddie/workspace/msdk/Libraries/PeriphDrivers/bin/MAX32655/softfp/libPeriphDriver_softfp.a(simo_me17.o)
                0x0000000010001b24                MXC_SIMO_SetVregO_C
 .text.MXC_SIMO_GetOutReadyA
                0x0000000010001b34       0x10 /home/eddie/workspace/msdk/Libraries/PeriphDrivers/bin/MAX32655/softfp/libPeriphDriver_softfp.a(simo_me17.o)
                0x0000000010001b34                MXC_SIMO_GetOutReadyA
 .text.MXC_SIMO_GetOutReadyB
                0x0000000010001b44       0x10 /home/eddie/workspace/msdk/Libraries/PeriphDrivers/bin/MAX32655/softfp/libPeriphDriver_softfp.a(simo_me17.o)
                0x0000000010001b44                MXC_SIMO_GetOutReadyB
 .text.MXC_SIMO_GetOutReadyC
                0x0000000010001b54       0x10 /home/eddie/workspace/msdk/Libraries/PeriphDrivers/bin/MAX32655/softfp/libPeriphDriver_softfp.a(simo_me17.o)
                0x0000000010001b54                MXC_SIMO_GetOutReadyC
 .text.MXC_SIMO_RevA_SetVregO_A
                0x0000000010001b64       0x30 /home/eddie/workspace/msdk/Libraries/PeriphDrivers/bin/MAX32655/softfp/libPeriphDriver_softfp.a(simo_reva.o)
                0x0000000010001b64                MXC_SIMO_RevA_SetVregO_A
 .text.MXC_SIMO_RevA_SetVregO_B
                0x0000000010001b94       0x30 /home/eddie/workspace/msdk/Libraries/PeriphDrivers/bin/MAX32655/softfp/libPeriphDriver_softfp.a(simo_reva.o)
                0x0000000010001b94                MXC_SIMO_RevA_SetVregO_B
 .text.MXC_SIMO_RevA_SetVregO_C
                0x0000000010001bc4       0x30 /home/eddie/workspace/msdk/Libraries/PeriphDrivers/bin/MAX32655/softfp/libPeriphDriver_softfp.a(simo_reva.o)
                0x0000000010001bc4                MXC_SIMO_RevA_SetVregO_C
 .text.MXC_SIMO_RevA_GetOutReadyA
                0x0000000010001bf4       0x12 /home/eddie/workspace/msdk/Libraries/PeriphDrivers/bin/MAX32655/softfp/libPeriphDriver_softfp.a(simo_reva.o)
                0x0000000010001bf4                MXC_SIMO_RevA_GetOutReadyA
 .text.MXC_SIMO_RevA_GetOutReadyB
                0x0000000010001c06       0x12 /home/eddie/workspace/msdk/Libraries/PeriphDrivers/bin/MAX32655/softfp/libPeriphDriver_softfp.a(simo_reva.o)
                0x0000000010001c06                MXC_SIMO_RevA_GetOutReadyB
 .text.MXC_SIMO_RevA_GetOutReadyC
                0x0000000010001c18       0x12 /home/eddie/workspace/msdk/Libraries/PeriphDrivers/bin/MAX32655/softfp/libPeriphDriver_softfp.a(simo_reva.o)
                0x0000000010001c18                MXC_SIMO_RevA_GetOutReadyC
 *fill*         0x0000000010001c2a        0x2 
 .text.MXC_SPI_Init
                0x0000000010001c2c      0x214 /home/eddie/workspace/msdk/Libraries/PeriphDrivers/bin/MAX32655/softfp/libPeriphDriver_softfp.a(spi_me17.o)
                0x0000000010001c2c                MXC_SPI_Init
 .text.MXC_SPI_GetPeripheralClock
                0x0000000010001e40       0x7c /home/eddie/workspace/msdk/Libraries/PeriphDrivers/bin/MAX32655/softfp/libPeriphDriver_softfp.a(spi_me17.o)
                0x0000000010001e40                MXC_SPI_GetPeripheralClock
 .text.MXC_SPI_SetFrequency
                0x0000000010001ebc        0x8 /home/eddie/workspace/msdk/Libraries/PeriphDrivers/bin/MAX32655/softfp/libPeriphDriver_softfp.a(spi_me17.o)
                0x0000000010001ebc                MXC_SPI_SetFrequency
 .text.MXC_SPI_SetDataSize
                0x0000000010001ec4        0x8 /home/eddie/workspace/msdk/Libraries/PeriphDrivers/bin/MAX32655/softfp/libPeriphDriver_softfp.a(spi_me17.o)
                0x0000000010001ec4                MXC_SPI_SetDataSize
 .text.MXC_SPI_GetDataSize
                0x0000000010001ecc        0x8 /home/eddie/workspace/msdk/Libraries/PeriphDrivers/bin/MAX32655/softfp/libPeriphDriver_softfp.a(spi_me17.o)
                0x0000000010001ecc                MXC_SPI_GetDataSize
 .text.MXC_SPI_SetSlave
                0x0000000010001ed4        0x8 /home/eddie/workspace/msdk/Libraries/PeriphDrivers/bin/MAX32655/softfp/libPeriphDriver_softfp.a(spi_me17.o)
                0x0000000010001ed4                MXC_SPI_SetSlave
 .text.MXC_SPI_SetWidth
                0x0000000010001edc        0x8 /home/eddie/workspace/msdk/Libraries/PeriphDrivers/bin/MAX32655/softfp/libPeriphDriver_softfp.a(spi_me17.o)
                0x0000000010001edc                MXC_SPI_SetWidth
 .text.MXC_SPI_GetWidth
                0x0000000010001ee4        0x8 /home/eddie/workspace/msdk/Libraries/PeriphDrivers/bin/MAX32655/softfp/libPeriphDriver_softfp.a(spi_me17.o)
                0x0000000010001ee4                MXC_SPI_GetWidth
 .text.MXC_SPI_SetMode
                0x0000000010001eec        0x8 /home/eddie/workspace/msdk/Libraries/PeriphDrivers/bin/MAX32655/softfp/libPeriphDriver_softfp.a(spi_me17.o)
                0x0000000010001eec                MXC_SPI_SetMode
 .text.MXC_SPI_StartTransmission
                0x0000000010001ef4        0x8 /home/eddie/workspace/msdk/Libraries/PeriphDrivers/bin/MAX32655/softfp/libPeriphDriver_softfp.a(spi_me17.o)
                0x0000000010001ef4                MXC_SPI_StartTransmission
 .text.MXC_SPI_GetActive
                0x0000000010001efc        0x8 /home/eddie/workspace/msdk/Libraries/PeriphDrivers/bin/MAX32655/softfp/libPeriphDriver_softfp.a(spi_me17.o)
                0x0000000010001efc                MXC_SPI_GetActive
 .text.MXC_SPI_ReadRXFIFO
                0x0000000010001f04        0x8 /home/eddie/workspace/msdk/Libraries/PeriphDrivers/bin/MAX32655/softfp/libPeriphDriver_softfp.a(spi_me17.o)
                0x0000000010001f04                MXC_SPI_ReadRXFIFO
 .text.MXC_SPI_GetRXFIFOAvailable
                0x0000000010001f0c        0x8 /home/eddie/workspace/msdk/Libraries/PeriphDrivers/bin/MAX32655/softfp/libPeriphDriver_softfp.a(spi_me17.o)
                0x0000000010001f0c                MXC_SPI_GetRXFIFOAvailable
 .text.MXC_SPI_WriteTXFIFO
                0x0000000010001f14        0x8 /home/eddie/workspace/msdk/Libraries/PeriphDrivers/bin/MAX32655/softfp/libPeriphDriver_softfp.a(spi_me17.o)
                0x0000000010001f14                MXC_SPI_WriteTXFIFO
 .text.MXC_SPI_GetTXFIFOAvailable
                0x0000000010001f1c        0x8 /home/eddie/workspace/msdk/Libraries/PeriphDrivers/bin/MAX32655/softfp/libPeriphDriver_softfp.a(spi_me17.o)
                0x0000000010001f1c                MXC_SPI_GetTXFIFOAvailable
 .text.MXC_SPI_SetRXThreshold
                0x0000000010001f24        0x8 /home/eddie/workspace/msdk/Libraries/PeriphDrivers/bin/MAX32655/softfp/libPeriphDriver_softfp.a(spi_me17.o)
                0x0000000010001f24                MXC_SPI_SetRXThreshold
 .text.MXC_SPI_SetTXThreshold
                0x0000000010001f2c        0x8 /home/eddie/workspace/msdk/Libraries/PeriphDrivers/bin/MAX32655/softfp/libPeriphDriver_softfp.a(spi_me17.o)
                0x0000000010001f2c                MXC_SPI_SetTXThreshold
 .text.MXC_SPI_MasterTransaction
                0x0000000010001f34        0x8 /home/eddie/workspace/msdk/Libraries/PeriphDrivers/bin/MAX32655/softfp/libPeriphDriver_softfp.a(spi_me17.o)
                0x0000000010001f34                MXC_SPI_MasterTransaction
 .text.MXC_SPI_RevA1_TransSetup
                0x0000000010001f3c      0x1d4 /home/eddie/workspace/msdk/Libraries/PeriphDrivers/bin/MAX32655/softfp/libPeriphDriver_softfp.a(spi_reva1.o)
 .text.MXC_SPI_RevA1_TransHandler
                0x0000000010002110      0x18c /home/eddie/workspace/msdk/Libraries/PeriphDrivers/bin/MAX32655/softfp/libPeriphDriver_softfp.a(spi_reva1.o)
 .text.MXC_SPI_RevA1_MasterTransHandler
                0x000000001000229c       0x74 /home/eddie/workspace/msdk/Libraries/PeriphDrivers/bin/MAX32655/softfp/libPeriphDriver_softfp.a(spi_reva1.o)
 .text.MXC_SPI_RevA1_Init
                0x0000000010002310      0x108 /home/eddie/workspace/msdk/Libraries/PeriphDrivers/bin/MAX32655/softfp/libPeriphDriver_softfp.a(spi_reva1.o)
                0x0000000010002310                MXC_SPI_RevA1_Init
 .text.MXC_SPI_RevA1_SetFrequency
                0x0000000010002418       0x84 /home/eddie/workspace/msdk/Libraries/PeriphDrivers/bin/MAX32655/softfp/libPeriphDriver_softfp.a(spi_reva1.o)
                0x0000000010002418                MXC_SPI_RevA1_SetFrequency
 .text.MXC_SPI_RevA1_SetDataSize
                0x000000001000249c       0xb0 /home/eddie/workspace/msdk/Libraries/PeriphDrivers/bin/MAX32655/softfp/libPeriphDriver_softfp.a(spi_reva1.o)
                0x000000001000249c                MXC_SPI_RevA1_SetDataSize
 .text.MXC_SPI_RevA1_GetDataSize
                0x000000001000254c       0x40 /home/eddie/workspace/msdk/Libraries/PeriphDrivers/bin/MAX32655/softfp/libPeriphDriver_softfp.a(spi_reva1.o)
                0x000000001000254c                MXC_SPI_RevA1_GetDataSize
 .text.MXC_SPI_RevA1_SetSlave
                0x000000001000258c       0x64 /home/eddie/workspace/msdk/Libraries/PeriphDrivers/bin/MAX32655/softfp/libPeriphDriver_softfp.a(spi_reva1.o)
                0x000000001000258c                MXC_SPI_RevA1_SetSlave
 .text.MXC_SPI_RevA1_SetWidth
                0x00000000100025f0       0x68 /home/eddie/workspace/msdk/Libraries/PeriphDrivers/bin/MAX32655/softfp/libPeriphDriver_softfp.a(spi_reva1.o)
                0x00000000100025f0                MXC_SPI_RevA1_SetWidth
 .text.MXC_SPI_RevA1_GetWidth
                0x0000000010002658       0x28 /home/eddie/workspace/msdk/Libraries/PeriphDrivers/bin/MAX32655/softfp/libPeriphDriver_softfp.a(spi_reva1.o)
                0x0000000010002658                MXC_SPI_RevA1_GetWidth
 .text.MXC_SPI_RevA1_SetMode
                0x0000000010002680       0x84 /home/eddie/workspace/msdk/Libraries/PeriphDrivers/bin/MAX32655/softfp/libPeriphDriver_softfp.a(spi_reva1.o)
                0x0000000010002680                MXC_SPI_RevA1_SetMode
 .text.MXC_SPI_RevA1_StartTransmission
                0x0000000010002704       0x44 /home/eddie/workspace/msdk/Libraries/PeriphDrivers/bin/MAX32655/softfp/libPeriphDriver_softfp.a(spi_reva1.o)
                0x0000000010002704                MXC_SPI_RevA1_StartTransmission
 .text.MXC_SPI_RevA1_GetActive
                0x0000000010002748       0x12 /home/eddie/workspace/msdk/Libraries/PeriphDrivers/bin/MAX32655/softfp/libPeriphDriver_softfp.a(spi_reva1.o)
                0x0000000010002748                MXC_SPI_RevA1_GetActive
 *fill*         0x000000001000275a        0x2 
 .text.MXC_SPI_RevA1_ReadRXFIFO
                0x000000001000275c       0xa0 /home/eddie/workspace/msdk/Libraries/PeriphDrivers/bin/MAX32655/softfp/libPeriphDriver_softfp.a(spi_reva1.o)
                0x000000001000275c                MXC_SPI_RevA1_ReadRXFIFO
 .text.MXC_SPI_RevA1_GetRXFIFOAvailable
                0x00000000100027fc        0x8 /home/eddie/workspace/msdk/Libraries/PeriphDrivers/bin/MAX32655/softfp/libPeriphDriver_softfp.a(spi_reva1.o)
                0x00000000100027fc                MXC_SPI_RevA1_GetRXFIFOAvailable
 .text.MXC_SPI_RevA1_WriteTXFIFO
                0x0000000010002804       0x88 /home/eddie/workspace/msdk/Libraries/PeriphDrivers/bin/MAX32655/softfp/libPeriphDriver_softfp.a(spi_reva1.o)
                0x0000000010002804                MXC_SPI_RevA1_WriteTXFIFO
 .text.MXC_SPI_RevA1_GetTXFIFOAvailable
                0x000000001000288c       0x38 /home/eddie/workspace/msdk/Libraries/PeriphDrivers/bin/MAX32655/softfp/libPeriphDriver_softfp.a(spi_reva1.o)
                0x000000001000288c                MXC_SPI_RevA1_GetTXFIFOAvailable
 .text.MXC_SPI_RevA1_SetRXThreshold
                0x00000000100028c4       0x4c /home/eddie/workspace/msdk/Libraries/PeriphDrivers/bin/MAX32655/softfp/libPeriphDriver_softfp.a(spi_reva1.o)
                0x00000000100028c4                MXC_SPI_RevA1_SetRXThreshold
 .text.MXC_SPI_RevA1_SetTXThreshold
                0x0000000010002910       0x4c /home/eddie/workspace/msdk/Libraries/PeriphDrivers/bin/MAX32655/softfp/libPeriphDriver_softfp.a(spi_reva1.o)
                0x0000000010002910                MXC_SPI_RevA1_SetTXThreshold
 .text.MXC_SPI_RevA1_MasterTransaction
                0x000000001000295c       0x5c /home/eddie/workspace/msdk/Libraries/PeriphDrivers/bin/MAX32655/softfp/libPeriphDriver_softfp.a(spi_reva1.o)
                0x000000001000295c                MXC_SPI_RevA1_MasterTransaction
 .text.MXC_UART_AsyncCallback
                0x00000000100029b8        0x8 /home/eddie/workspace/msdk/Libraries/PeriphDrivers/bin/MAX32655/softfp/libPeriphDriver_softfp.a(uart_me17.o)
                0x00000000100029b8                MXC_UART_AsyncCallback
 .text.MXC_UART_AsyncStop
                0x00000000100029c0        0x8 /home/eddie/workspace/msdk/Libraries/PeriphDrivers/bin/MAX32655/softfp/libPeriphDriver_softfp.a(uart_me17.o)
                0x00000000100029c0                MXC_UART_AsyncStop
 .text.MXC_UART_Shutdown
                0x00000000100029c8       0x70 /home/eddie/workspace/msdk/Libraries/PeriphDrivers/bin/MAX32655/softfp/libPeriphDriver_softfp.a(uart_me17.o)
                0x00000000100029c8                MXC_UART_Shutdown
 .text.MXC_UART_Init
                0x0000000010002a38       0xa4 /home/eddie/workspace/msdk/Libraries/PeriphDrivers/bin/MAX32655/softfp/libPeriphDriver_softfp.a(uart_me17.o)
                0x0000000010002a38                MXC_UART_Init
 .text.MXC_UART_GetFrequency
                0x0000000010002adc       0x64 /home/eddie/workspace/msdk/Libraries/PeriphDrivers/bin/MAX32655/softfp/libPeriphDriver_softfp.a(uart_me17.o)
                0x0000000010002adc                MXC_UART_GetFrequency
 .text.MXC_UART_SetFrequency
                0x0000000010002b40       0xdc /home/eddie/workspace/msdk/Libraries/PeriphDrivers/bin/MAX32655/softfp/libPeriphDriver_softfp.a(uart_me17.o)
                0x0000000010002b40                MXC_UART_SetFrequency
 .text.MXC_UART_SetDataSize
                0x0000000010002c1c        0x8 /home/eddie/workspace/msdk/Libraries/PeriphDrivers/bin/MAX32655/softfp/libPeriphDriver_softfp.a(uart_me17.o)
                0x0000000010002c1c                MXC_UART_SetDataSize
 .text.MXC_UART_SetStopBits
                0x0000000010002c24        0x8 /home/eddie/workspace/msdk/Libraries/PeriphDrivers/bin/MAX32655/softfp/libPeriphDriver_softfp.a(uart_me17.o)
                0x0000000010002c24                MXC_UART_SetStopBits
 .text.MXC_UART_SetParity
                0x0000000010002c2c        0x8 /home/eddie/workspace/msdk/Libraries/PeriphDrivers/bin/MAX32655/softfp/libPeriphDriver_softfp.a(uart_me17.o)
                0x0000000010002c2c                MXC_UART_SetParity
 .text.MXC_UART_ReadCharacterRaw
                0x0000000010002c34        0x8 /home/eddie/workspace/msdk/Libraries/PeriphDrivers/bin/MAX32655/softfp/libPeriphDriver_softfp.a(uart_me17.o)
                0x0000000010002c34                MXC_UART_ReadCharacterRaw
 .text.MXC_UART_WriteCharacterRaw
                0x0000000010002c3c        0x8 /home/eddie/workspace/msdk/Libraries/PeriphDrivers/bin/MAX32655/softfp/libPeriphDriver_softfp.a(uart_me17.o)
                0x0000000010002c3c                MXC_UART_WriteCharacterRaw
 .text.MXC_UART_ReadCharacter
                0x0000000010002c44        0x8 /home/eddie/workspace/msdk/Libraries/PeriphDrivers/bin/MAX32655/softfp/libPeriphDriver_softfp.a(uart_me17.o)
                0x0000000010002c44                MXC_UART_ReadCharacter
 .text.MXC_UART_WriteCharacter
                0x0000000010002c4c        0x8 /home/eddie/workspace/msdk/Libraries/PeriphDrivers/bin/MAX32655/softfp/libPeriphDriver_softfp.a(uart_me17.o)
                0x0000000010002c4c                MXC_UART_WriteCharacter
 .text.MXC_UART_Read
                0x0000000010002c54        0x8 /home/eddie/workspace/msdk/Libraries/PeriphDrivers/bin/MAX32655/softfp/libPeriphDriver_softfp.a(uart_me17.o)
                0x0000000010002c54                MXC_UART_Read
 .text.MXC_UART_ReadRXFIFO
                0x0000000010002c5c        0x8 /home/eddie/workspace/msdk/Libraries/PeriphDrivers/bin/MAX32655/softfp/libPeriphDriver_softfp.a(uart_me17.o)
                0x0000000010002c5c                MXC_UART_ReadRXFIFO
 .text.MXC_UART_GetRXFIFOAvailable
                0x0000000010002c64        0x8 /home/eddie/workspace/msdk/Libraries/PeriphDrivers/bin/MAX32655/softfp/libPeriphDriver_softfp.a(uart_me17.o)
                0x0000000010002c64                MXC_UART_GetRXFIFOAvailable
 .text.MXC_UART_WriteTXFIFO
                0x0000000010002c6c        0x8 /home/eddie/workspace/msdk/Libraries/PeriphDrivers/bin/MAX32655/softfp/libPeriphDriver_softfp.a(uart_me17.o)
                0x0000000010002c6c                MXC_UART_WriteTXFIFO
 .text.MXC_UART_GetTXFIFOAvailable
                0x0000000010002c74        0x8 /home/eddie/workspace/msdk/Libraries/PeriphDrivers/bin/MAX32655/softfp/libPeriphDriver_softfp.a(uart_me17.o)
                0x0000000010002c74                MXC_UART_GetTXFIFOAvailable
 .text.MXC_UART_ClearTXFIFO
                0x0000000010002c7c        0x8 /home/eddie/workspace/msdk/Libraries/PeriphDrivers/bin/MAX32655/softfp/libPeriphDriver_softfp.a(uart_me17.o)
                0x0000000010002c7c                MXC_UART_ClearTXFIFO
 .text.MXC_UART_SetRXThreshold
                0x0000000010002c84        0x8 /home/eddie/workspace/msdk/Libraries/PeriphDrivers/bin/MAX32655/softfp/libPeriphDriver_softfp.a(uart_me17.o)
                0x0000000010002c84                MXC_UART_SetRXThreshold
 .text.MXC_UART_GetRXThreshold
                0x0000000010002c8c        0x8 /home/eddie/workspace/msdk/Libraries/PeriphDrivers/bin/MAX32655/softfp/libPeriphDriver_softfp.a(uart_me17.o)
                0x0000000010002c8c                MXC_UART_GetRXThreshold
 .text.MXC_UART_GetFlags
                0x0000000010002c94        0x8 /home/eddie/workspace/msdk/Libraries/PeriphDrivers/bin/MAX32655/softfp/libPeriphDriver_softfp.a(uart_me17.o)
                0x0000000010002c94                MXC_UART_GetFlags
 .text.MXC_UART_ClearFlags
                0x0000000010002c9c        0x8 /home/eddie/workspace/msdk/Libraries/PeriphDrivers/bin/MAX32655/softfp/libPeriphDriver_softfp.a(uart_me17.o)
                0x0000000010002c9c                MXC_UART_ClearFlags
 .text.MXC_UART_EnableInt
                0x0000000010002ca4        0x8 /home/eddie/workspace/msdk/Libraries/PeriphDrivers/bin/MAX32655/softfp/libPeriphDriver_softfp.a(uart_me17.o)
                0x0000000010002ca4                MXC_UART_EnableInt
 .text.MXC_UART_DisableInt
                0x0000000010002cac        0x8 /home/eddie/workspace/msdk/Libraries/PeriphDrivers/bin/MAX32655/softfp/libPeriphDriver_softfp.a(uart_me17.o)
                0x0000000010002cac                MXC_UART_DisableInt
 .text.MXC_UART_TransactionAsync
                0x0000000010002cb4        0x8 /home/eddie/workspace/msdk/Libraries/PeriphDrivers/bin/MAX32655/softfp/libPeriphDriver_softfp.a(uart_me17.o)
                0x0000000010002cb4                MXC_UART_TransactionAsync
 .text.MXC_UART_AsyncHandler
                0x0000000010002cbc        0x8 /home/eddie/workspace/msdk/Libraries/PeriphDrivers/bin/MAX32655/softfp/libPeriphDriver_softfp.a(uart_me17.o)
                0x0000000010002cbc                MXC_UART_AsyncHandler
 .text.MXC_UART_RevB_Init
                0x0000000010002cc4       0x7c /home/eddie/workspace/msdk/Libraries/PeriphDrivers/bin/MAX32655/softfp/libPeriphDriver_softfp.a(uart_revb.o)
                0x0000000010002cc4                MXC_UART_RevB_Init
 .text.MXC_UART_RevB_SetFrequency
                0x0000000010002d40       0xac /home/eddie/workspace/msdk/Libraries/PeriphDrivers/bin/MAX32655/softfp/libPeriphDriver_softfp.a(uart_revb.o)
                0x0000000010002d40                MXC_UART_RevB_SetFrequency
 .text.MXC_UART_RevB_GetFrequency
                0x0000000010002dec       0x80 /home/eddie/workspace/msdk/Libraries/PeriphDrivers/bin/MAX32655/softfp/libPeriphDriver_softfp.a(uart_revb.o)
                0x0000000010002dec                MXC_UART_RevB_GetFrequency
 .text.MXC_UART_RevB_SetDataSize
                0x0000000010002e6c       0x48 /home/eddie/workspace/msdk/Libraries/PeriphDrivers/bin/MAX32655/softfp/libPeriphDriver_softfp.a(uart_revb.o)
                0x0000000010002e6c                MXC_UART_RevB_SetDataSize
 .text.MXC_UART_RevB_SetStopBits
                0x0000000010002eb4       0x4c /home/eddie/workspace/msdk/Libraries/PeriphDrivers/bin/MAX32655/softfp/libPeriphDriver_softfp.a(uart_revb.o)
                0x0000000010002eb4                MXC_UART_RevB_SetStopBits
 .text.MXC_UART_RevB_SetParity
                0x0000000010002f00       0xb8 /home/eddie/workspace/msdk/Libraries/PeriphDrivers/bin/MAX32655/softfp/libPeriphDriver_softfp.a(uart_revb.o)
                0x0000000010002f00                MXC_UART_RevB_SetParity
 .text.MXC_UART_RevB_ReadCharacterRaw
                0x0000000010002fb8       0x3c /home/eddie/workspace/msdk/Libraries/PeriphDrivers/bin/MAX32655/softfp/libPeriphDriver_softfp.a(uart_revb.o)
                0x0000000010002fb8                MXC_UART_RevB_ReadCharacterRaw
 .text.MXC_UART_RevB_WriteCharacterRaw
                0x0000000010002ff4       0x3c /home/eddie/workspace/msdk/Libraries/PeriphDrivers/bin/MAX32655/softfp/libPeriphDriver_softfp.a(uart_revb.o)
                0x0000000010002ff4                MXC_UART_RevB_WriteCharacterRaw
 .text.MXC_UART_RevB_Read
                0x0000000010003030       0x64 /home/eddie/workspace/msdk/Libraries/PeriphDrivers/bin/MAX32655/softfp/libPeriphDriver_softfp.a(uart_revb.o)
                0x0000000010003030                MXC_UART_RevB_Read
 .text.MXC_UART_RevB_ReadRXFIFO
                0x0000000010003094       0x24 /home/eddie/workspace/msdk/Libraries/PeriphDrivers/bin/MAX32655/softfp/libPeriphDriver_softfp.a(uart_revb.o)
                0x0000000010003094                MXC_UART_RevB_ReadRXFIFO
 .text.MXC_UART_RevB_GetRXFIFOAvailable
                0x00000000100030b8        0x8 /home/eddie/workspace/msdk/Libraries/PeriphDrivers/bin/MAX32655/softfp/libPeriphDriver_softfp.a(uart_revb.o)
                0x00000000100030b8                MXC_UART_RevB_GetRXFIFOAvailable
 .text.MXC_UART_RevB_WriteTXFIFO
                0x00000000100030c0       0x24 /home/eddie/workspace/msdk/Libraries/PeriphDrivers/bin/MAX32655/softfp/libPeriphDriver_softfp.a(uart_revb.o)
                0x00000000100030c0                MXC_UART_RevB_WriteTXFIFO
 .text.MXC_UART_RevB_GetTXFIFOAvailable
                0x00000000100030e4        0xc /home/eddie/workspace/msdk/Libraries/PeriphDrivers/bin/MAX32655/softfp/libPeriphDriver_softfp.a(uart_revb.o)
                0x00000000100030e4                MXC_UART_RevB_GetTXFIFOAvailable
 .text.MXC_UART_RevB_ClearTXFIFO
                0x00000000100030f0       0x3c /home/eddie/workspace/msdk/Libraries/PeriphDrivers/bin/MAX32655/softfp/libPeriphDriver_softfp.a(uart_revb.o)
                0x00000000100030f0                MXC_UART_RevB_ClearTXFIFO
 .text.MXC_UART_RevB_SetRXThreshold
                0x000000001000312c       0x48 /home/eddie/workspace/msdk/Libraries/PeriphDrivers/bin/MAX32655/softfp/libPeriphDriver_softfp.a(uart_revb.o)
                0x000000001000312c                MXC_UART_RevB_SetRXThreshold
 .text.MXC_UART_RevB_GetRXThreshold
                0x0000000010003174        0x8 /home/eddie/workspace/msdk/Libraries/PeriphDrivers/bin/MAX32655/softfp/libPeriphDriver_softfp.a(uart_revb.o)
                0x0000000010003174                MXC_UART_RevB_GetRXThreshold
 .text.MXC_UART_RevB_GetFlags
                0x000000001000317c        0x4 /home/eddie/workspace/msdk/Libraries/PeriphDrivers/bin/MAX32655/softfp/libPeriphDriver_softfp.a(uart_revb.o)
                0x000000001000317c                MXC_UART_RevB_GetFlags
 .text.MXC_UART_RevB_ClearFlags
                0x0000000010003180       0x30 /home/eddie/workspace/msdk/Libraries/PeriphDrivers/bin/MAX32655/softfp/libPeriphDriver_softfp.a(uart_revb.o)
                0x0000000010003180                MXC_UART_RevB_ClearFlags
 .text.MXC_UART_RevB_EnableInt
                0x00000000100031b0       0x34 /home/eddie/workspace/msdk/Libraries/PeriphDrivers/bin/MAX32655/softfp/libPeriphDriver_softfp.a(uart_revb.o)
                0x00000000100031b0                MXC_UART_RevB_EnableInt
 .text.MXC_UART_RevB_DisableInt
                0x00000000100031e4       0x34 /home/eddie/workspace/msdk/Libraries/PeriphDrivers/bin/MAX32655/softfp/libPeriphDriver_softfp.a(uart_revb.o)
                0x00000000100031e4                MXC_UART_RevB_DisableInt
 .text.MXC_UART_RevB_TransactionAsync
                0x0000000010003218      0x1f8 /home/eddie/workspace/msdk/Libraries/PeriphDrivers/bin/MAX32655/softfp/libPeriphDriver_softfp.a(uart_revb.o)
                0x0000000010003218                MXC_UART_RevB_TransactionAsync
 .text.MXC_UART_RevB_AsyncTxCallback
                0x0000000010003410       0x60 /home/eddie/workspace/msdk/Libraries/PeriphDrivers/bin/MAX32655/softfp/libPeriphDriver_softfp.a(uart_revb.o)
                0x0000000010003410                MXC_UART_RevB_AsyncTxCallback
 .text.MXC_UART_RevB_AsyncRxCallback
                0x0000000010003470       0x60 /home/eddie/workspace/msdk/Libraries/PeriphDrivers/bin/MAX32655/softfp/libPeriphDriver_softfp.a(uart_revb.o)
                0x0000000010003470                MXC_UART_RevB_AsyncRxCallback
 .text.MXC_UART_RevB_AsyncCallback
                0x00000000100034d0       0x6c /home/eddie/workspace/msdk/Libraries/PeriphDrivers/bin/MAX32655/softfp/libPeriphDriver_softfp.a(uart_revb.o)
                0x00000000100034d0                MXC_UART_RevB_AsyncCallback
 .text.MXC_UART_RevB_AsyncStopTx
                0x000000001000353c       0x34 /home/eddie/workspace/msdk/Libraries/PeriphDrivers/bin/MAX32655/softfp/libPeriphDriver_softfp.a(uart_revb.o)
                0x000000001000353c                MXC_UART_RevB_AsyncStopTx
 .text.MXC_UART_RevB_AsyncStopRx
                0x0000000010003570       0x34 /home/eddie/workspace/msdk/Libraries/PeriphDrivers/bin/MAX32655/softfp/libPeriphDriver_softfp.a(uart_revb.o)
                0x0000000010003570                MXC_UART_RevB_AsyncStopRx
 .text.MXC_UART_RevB_AsyncStop
                0x00000000100035a4       0x38 /home/eddie/workspace/msdk/Libraries/PeriphDrivers/bin/MAX32655/softfp/libPeriphDriver_softfp.a(uart_revb.o)
                0x00000000100035a4                MXC_UART_RevB_AsyncStop
 .text.MXC_UART_RevB_AsyncHandler
                0x00000000100035dc      0x1a8 /home/eddie/workspace/msdk/Libraries/PeriphDrivers/bin/MAX32655/softfp/libPeriphDriver_softfp.a(uart_revb.o)
                0x00000000100035dc                MXC_UART_RevB_AsyncHandler
 .text.MXC_WUT_GetCount
                0x0000000010003784        0x8 /home/eddie/workspace/msdk/Libraries/PeriphDrivers/bin/MAX32655/softfp/libPeriphDriver_softfp.a(wut_me17.o)
                0x0000000010003784                MXC_WUT_GetCount
 .text.MXC_WUT_IntClear
                0x000000001000378c        0x8 /home/eddie/workspace/msdk/Libraries/PeriphDrivers/bin/MAX32655/softfp/libPeriphDriver_softfp.a(wut_me17.o)
                0x000000001000378c                MXC_WUT_IntClear
 .text.MXC_WUT_RevA_GetCount
                0x0000000010003794        0x4 /home/eddie/workspace/msdk/Libraries/PeriphDrivers/bin/MAX32655/softfp/libPeriphDriver_softfp.a(wut_reva.o)
                0x0000000010003794                MXC_WUT_RevA_GetCount
 .text.MXC_WUT_RevA_IntClear
                0x0000000010003798        0x6 /home/eddie/workspace/msdk/Libraries/PeriphDrivers/bin/MAX32655/softfp/libPeriphDriver_softfp.a(wut_reva.o)
                0x0000000010003798                MXC_WUT_RevA_IntClear
 .text.MXC_FreeLock
                0x000000001000379e        0xa /home/eddie/workspace/msdk/Libraries/PeriphDrivers/bin/MAX32655/softfp/libPeriphDriver_softfp.a(mxc_lock.o)
                0x000000001000379e                MXC_FreeLock
 .text.MXC_GPIO_Common_Init
                0x00000000100037a8       0x40 /home/eddie/workspace/msdk/Libraries/PeriphDrivers/bin/MAX32655/softfp/libPeriphDriver_softfp.a(gpio_common.o)
                0x00000000100037a8                MXC_GPIO_Common_Init
 .text.MXC_GPIO_Common_Handler
                0x00000000100037e8       0x90 /home/eddie/workspace/msdk/Libraries/PeriphDrivers/bin/MAX32655/softfp/libPeriphDriver_softfp.a(gpio_common.o)
                0x00000000100037e8                MXC_GPIO_Common_Handler
 .text.MXC_UART_Common_ReadCharacter
                0x0000000010003878       0x16 /home/eddie/workspace/msdk/Libraries/PeriphDrivers/bin/MAX32655/softfp/libPeriphDriver_softfp.a(uart_common.o)
                0x0000000010003878                MXC_UART_Common_ReadCharacter
 .text.MXC_UART_Common_WriteCharacter
                0x000000001000388e       0x1a /home/eddie/workspace/msdk/Libraries/PeriphDrivers/bin/MAX32655/softfp/libPeriphDriver_softfp.a(uart_common.o)
                0x000000001000388e                MXC_UART_Common_WriteCharacter
 .text.prvIsQueueEmpty
                0x00000000100038a8       0x16 /home/eddie/projects/cubeAlert/FreeRTOSDemo/build/FreeRTOS/librtos.a(queue.o)
 .text.prvCopyDataToQueue
                0x00000000100038be       0x6a /home/eddie/projects/cubeAlert/FreeRTOSDemo/build/FreeRTOS/librtos.a(queue.o)
 .text.prvUnlockQueue
                0x0000000010003928       0x70 /home/eddie/projects/cubeAlert/FreeRTOSDemo/build/FreeRTOS/librtos.a(queue.o)
 .text.xQueueGenericReset
                0x0000000010003998       0x7a /home/eddie/projects/cubeAlert/FreeRTOSDemo/build/FreeRTOS/librtos.a(queue.o)
                0x0000000010003998                xQueueGenericReset
 .text.xQueueGenericSend
                0x0000000010003a12      0x104 /home/eddie/projects/cubeAlert/FreeRTOSDemo/build/FreeRTOS/librtos.a(queue.o)
                0x0000000010003a12                xQueueGenericSend
 .text.xQueueCreateMutex
                0x0000000010003b16       0x36 /home/eddie/projects/cubeAlert/FreeRTOSDemo/build/FreeRTOS/librtos.a(queue.o)
                0x0000000010003b16                xQueueCreateMutex
 .text.xQueueSemaphoreTake
                0x0000000010003b4c      0x126 /home/eddie/projects/cubeAlert/FreeRTOSDemo/build/FreeRTOS/librtos.a(queue.o)
                0x0000000010003b4c                xQueueSemaphoreTake
 *fill*         0x0000000010003c72        0x2 
 .text.prvIdleTask
                0x0000000010003c74       0x24 /home/eddie/projects/cubeAlert/FreeRTOSDemo/build/FreeRTOS/librtos.a(tasks.o)
 .text.prvAddCurrentTaskToDelayedList
                0x0000000010003c98       0xa4 /home/eddie/projects/cubeAlert/FreeRTOSDemo/build/FreeRTOS/librtos.a(tasks.o)
 .text.prvResetNextTaskUnblockTime
                0x0000000010003d3c       0x24 /home/eddie/projects/cubeAlert/FreeRTOSDemo/build/FreeRTOS/librtos.a(tasks.o)
 .text.xTaskCreate
                0x0000000010003d60      0x1c4 /home/eddie/projects/cubeAlert/FreeRTOSDemo/build/FreeRTOS/librtos.a(tasks.o)
                0x0000000010003d60                xTaskCreate
 .text.eTaskGetState
                0x0000000010003f24       0x5c /home/eddie/projects/cubeAlert/FreeRTOSDemo/build/FreeRTOS/librtos.a(tasks.o)
                0x0000000010003f24                eTaskGetState
 .text.vTaskStartScheduler
                0x0000000010003f80       0x64 /home/eddie/projects/cubeAlert/FreeRTOSDemo/build/FreeRTOS/librtos.a(tasks.o)
                0x0000000010003f80                vTaskStartScheduler
 .text.vTaskSuspendAll
                0x0000000010003fe4       0x10 /home/eddie/projects/cubeAlert/FreeRTOSDemo/build/FreeRTOS/librtos.a(tasks.o)
                0x0000000010003fe4                vTaskSuspendAll
 .text.xTaskGetTickCount
                0x0000000010003ff4        0xc /home/eddie/projects/cubeAlert/FreeRTOSDemo/build/FreeRTOS/librtos.a(tasks.o)
                0x0000000010003ff4                xTaskGetTickCount
 .text.xTaskIncrementTick
                0x0000000010004000      0x160 /home/eddie/projects/cubeAlert/FreeRTOSDemo/build/FreeRTOS/librtos.a(tasks.o)
                0x0000000010004000                xTaskIncrementTick
 .text.xTaskResumeAll
                0x0000000010004160      0x128 /home/eddie/projects/cubeAlert/FreeRTOSDemo/build/FreeRTOS/librtos.a(tasks.o)
                0x0000000010004160                xTaskResumeAll
 .text.xTaskDelayUntil
                0x0000000010004288       0x58 /home/eddie/projects/cubeAlert/FreeRTOSDemo/build/FreeRTOS/librtos.a(tasks.o)
                0x0000000010004288                xTaskDelayUntil
 .text.vTaskDelay
                0x00000000100042e0       0x2e /home/eddie/projects/cubeAlert/FreeRTOSDemo/build/FreeRTOS/librtos.a(tasks.o)
                0x00000000100042e0                vTaskDelay
 *fill*         0x000000001000430e        0x2 
 .text.vTaskSwitchContext
                0x0000000010004310       0x5c /home/eddie/projects/cubeAlert/FreeRTOSDemo/build/FreeRTOS/librtos.a(tasks.o)
                0x0000000010004310                vTaskSwitchContext
 .text.vTaskPlaceOnEventList
                0x000000001000436c       0x20 /home/eddie/projects/cubeAlert/FreeRTOSDemo/build/FreeRTOS/librtos.a(tasks.o)
                0x000000001000436c                vTaskPlaceOnEventList
 .text.xTaskRemoveFromEventList
                0x000000001000438c       0xbc /home/eddie/projects/cubeAlert/FreeRTOSDemo/build/FreeRTOS/librtos.a(tasks.o)
                0x000000001000438c                xTaskRemoveFromEventList
 .text.vTaskInternalSetTimeOutState
                0x0000000010004448       0x18 /home/eddie/projects/cubeAlert/FreeRTOSDemo/build/FreeRTOS/librtos.a(tasks.o)
                0x0000000010004448                vTaskInternalSetTimeOutState
 .text.xTaskCheckForTimeOut
                0x0000000010004460       0x50 /home/eddie/projects/cubeAlert/FreeRTOSDemo/build/FreeRTOS/librtos.a(tasks.o)
                0x0000000010004460                xTaskCheckForTimeOut
 .text.vTaskMissedYield
                0x00000000100044b0        0xc /home/eddie/projects/cubeAlert/FreeRTOSDemo/build/FreeRTOS/librtos.a(tasks.o)
                0x00000000100044b0                vTaskMissedYield
 .text.vTaskGetInfo
                0x00000000100044bc       0x7c /home/eddie/projects/cubeAlert/FreeRTOSDemo/build/FreeRTOS/librtos.a(tasks.o)
                0x00000000100044bc                vTaskGetInfo
 .text.prvListTasksWithinSingleList
                0x0000000010004538       0x5e /home/eddie/projects/cubeAlert/FreeRTOSDemo/build/FreeRTOS/librtos.a(tasks.o)
 *fill*         0x0000000010004596        0x2 
 .text.uxTaskGetSystemState
                0x0000000010004598       0x90 /home/eddie/projects/cubeAlert/FreeRTOSDemo/build/FreeRTOS/librtos.a(tasks.o)
                0x0000000010004598                uxTaskGetSystemState
 .text.xTaskPriorityInherit
                0x0000000010004628       0xa4 /home/eddie/projects/cubeAlert/FreeRTOSDemo/build/FreeRTOS/librtos.a(tasks.o)
                0x0000000010004628                xTaskPriorityInherit
 .text.xTaskPriorityDisinherit
                0x00000000100046cc       0x74 /home/eddie/projects/cubeAlert/FreeRTOSDemo/build/FreeRTOS/librtos.a(tasks.o)
                0x00000000100046cc                xTaskPriorityDisinherit
 .text.vTaskPriorityDisinheritAfterTimeout
                0x0000000010004740       0x84 /home/eddie/projects/cubeAlert/FreeRTOSDemo/build/FreeRTOS/librtos.a(tasks.o)
                0x0000000010004740                vTaskPriorityDisinheritAfterTimeout
 .text.vTaskList
                0x00000000100047c4       0xc0 /home/eddie/projects/cubeAlert/FreeRTOSDemo/build/FreeRTOS/librtos.a(tasks.o)
                0x00000000100047c4                vTaskList
 .text.pvTaskIncrementMutexHeldCount
                0x0000000010004884       0x18 /home/eddie/projects/cubeAlert/FreeRTOSDemo/build/FreeRTOS/librtos.a(tasks.o)
                0x0000000010004884                pvTaskIncrementMutexHeldCount
 .text.ulTaskGenericNotifyTake
                0x000000001000489c       0x84 /home/eddie/projects/cubeAlert/FreeRTOSDemo/build/FreeRTOS/librtos.a(tasks.o)
                0x000000001000489c                ulTaskGenericNotifyTake
 .text.vTaskGenericNotifyGiveFromISR
                0x0000000010004920       0xd8 /home/eddie/projects/cubeAlert/FreeRTOSDemo/build/FreeRTOS/librtos.a(tasks.o)
                0x0000000010004920                vTaskGenericNotifyGiveFromISR
 .text.prvTaskExitError
                0x00000000100049f8       0x20 /home/eddie/projects/cubeAlert/FreeRTOSDemo/build/FreeRTOS/librtos.a(port.o)
 .text.prvPortStartFirstTask
                0x0000000010004a18       0x28 /home/eddie/projects/cubeAlert/FreeRTOSDemo/build/FreeRTOS/librtos.a(port.o)
 .text.vPortEnableVFP
                0x0000000010004a40       0x14 /home/eddie/projects/cubeAlert/FreeRTOSDemo/build/FreeRTOS/librtos.a(port.o)
 .text.pxPortInitialiseStack
                0x0000000010004a54       0x2c /home/eddie/projects/cubeAlert/FreeRTOSDemo/build/FreeRTOS/librtos.a(port.o)
                0x0000000010004a54                pxPortInitialiseStack
 .text.SVC_Handler
                0x0000000010004a80       0x24 /home/eddie/projects/cubeAlert/FreeRTOSDemo/build/FreeRTOS/librtos.a(port.o)
                0x0000000010004a80                SVC_Handler
 .text.vPortEnterCritical
                0x0000000010004aa4       0x20 /home/eddie/projects/cubeAlert/FreeRTOSDemo/build/FreeRTOS/librtos.a(port.o)
                0x0000000010004aa4                vPortEnterCritical
 .text.vPortExitCritical
                0x0000000010004ac4       0x14 /home/eddie/projects/cubeAlert/FreeRTOSDemo/build/FreeRTOS/librtos.a(port.o)
                0x0000000010004ac4                vPortExitCritical
 *fill*         0x0000000010004ad8        0x8 
 .text.PendSV_Handler
                0x0000000010004ae0       0x64 /home/eddie/projects/cubeAlert/FreeRTOSDemo/build/FreeRTOS/librtos.a(port.o)
                0x0000000010004ae0                PendSV_Handler
 .text.SysTick_Handler
                0x0000000010004b44       0x2c /home/eddie/projects/cubeAlert/FreeRTOSDemo/build/FreeRTOS/librtos.a(port.o)
                0x0000000010004b44                SysTick_Handler
 .text.vPortSetupTimerInterrupt
                0x0000000010004b70       0x18 /home/eddie/projects/cubeAlert/FreeRTOSDemo/build/FreeRTOS/librtos.a(port.o)
                0x0000000010004b70                vPortSetupTimerInterrupt
 .text.xPortStartScheduler
                0x0000000010004b88       0x4c /home/eddie/projects/cubeAlert/FreeRTOSDemo/build/FreeRTOS/librtos.a(port.o)
                0x0000000010004b88                xPortStartScheduler
 .text.pvPortMalloc
                0x0000000010004bd4       0xc0 /home/eddie/projects/cubeAlert/FreeRTOSDemo/build/FreeRTOS/librtos.a(heap_2.o)
                0x0000000010004bd4                pvPortMalloc
 .text.vPortFree
                0x0000000010004c94       0x50 /home/eddie/projects/cubeAlert/FreeRTOSDemo/build/FreeRTOS/librtos.a(heap_2.o)
                0x0000000010004c94                vPortFree
 .text.vListInitialise
                0x0000000010004ce4       0x16 /home/eddie/projects/cubeAlert/FreeRTOSDemo/build/FreeRTOS/librtos.a(list.o)
                0x0000000010004ce4                vListInitialise
 .text.vListInitialiseItem
                0x0000000010004cfa        0x6 /home/eddie/projects/cubeAlert/FreeRTOSDemo/build/FreeRTOS/librtos.a(list.o)
                0x0000000010004cfa                vListInitialiseItem
 .text.vListInsert
                0x0000000010004d00       0x2e /home/eddie/projects/cubeAlert/FreeRTOSDemo/build/FreeRTOS/librtos.a(list.o)
                0x0000000010004d00                vListInsert
 .text.uxListRemove
                0x0000000010004d2e       0x20 /home/eddie/projects/cubeAlert/FreeRTOSDemo/build/FreeRTOS/librtos.a(list.o)
                0x0000000010004d2e                uxListRemove
 *fill*         0x0000000010004d4e        0x2 
 .text.__errno  0x0000000010004d50        0xc /home/eddie/arm/arm_tools/bin/../lib/gcc/arm-none-eabi/10.3.1/../../../../arm-none-eabi/lib/thumb/v7e-m+fp/softfp/libc.a(lib_a-errno.o)
                0x0000000010004d50                __errno
 .text.__sflush_r
                0x0000000010004d5c      0x130 /home/eddie/arm/arm_tools/bin/../lib/gcc/arm-none-eabi/10.3.1/../../../../arm-none-eabi/lib/thumb/v7e-m+fp/softfp/libc.a(lib_a-fflush.o)
                0x0000000010004d5c                __sflush_r
 .text._fflush_r
                0x0000000010004e8c       0x5c /home/eddie/arm/arm_tools/bin/../lib/gcc/arm-none-eabi/10.3.1/../../../../arm-none-eabi/lib/thumb/v7e-m+fp/softfp/libc.a(lib_a-fflush.o)
                0x0000000010004e8c                _fflush_r
 .text.fflush   0x0000000010004ee8       0x74 /home/eddie/arm/arm_tools/bin/../lib/gcc/arm-none-eabi/10.3.1/../../../../arm-none-eabi/lib/thumb/v7e-m+fp/softfp/libc.a(lib_a-fflush.o)
                0x0000000010004ee8                fflush
 .text._cleanup_r
                0x0000000010004f5c        0xc /home/eddie/arm/arm_tools/bin/../lib/gcc/arm-none-eabi/10.3.1/../../../../arm-none-eabi/lib/thumb/v7e-m+fp/softfp/libc.a(lib_a-findfp.o)
                0x0000000010004f5c                _cleanup_r
 .text.__sinit  0x0000000010004f68      0x10c /home/eddie/arm/arm_tools/bin/../lib/gcc/arm-none-eabi/10.3.1/../../../../arm-none-eabi/lib/thumb/v7e-m+fp/softfp/libc.a(lib_a-findfp.o)
                0x0000000010004f68                __sinit
 .text.__sfp_lock_acquire
                0x0000000010005074        0xc /home/eddie/arm/arm_tools/bin/../lib/gcc/arm-none-eabi/10.3.1/../../../../arm-none-eabi/lib/thumb/v7e-m+fp/softfp/libc.a(lib_a-findfp.o)
                0x0000000010005074                __sfp_lock_acquire
 .text.__sfp_lock_release
                0x0000000010005080        0xc /home/eddie/arm/arm_tools/bin/../lib/gcc/arm-none-eabi/10.3.1/../../../../arm-none-eabi/lib/thumb/v7e-m+fp/softfp/libc.a(lib_a-findfp.o)
                0x0000000010005080                __sfp_lock_release
 .text._malloc_trim_r
                0x000000001000508c       0xa0 /home/eddie/arm/arm_tools/bin/../lib/gcc/arm-none-eabi/10.3.1/../../../../arm-none-eabi/lib/thumb/v7e-m+fp/softfp/libc.a(lib_a-freer.o)
                0x000000001000508c                _malloc_trim_r
 .text._free_r  0x000000001000512c      0x20c /home/eddie/arm/arm_tools/bin/../lib/gcc/arm-none-eabi/10.3.1/../../../../arm-none-eabi/lib/thumb/v7e-m+fp/softfp/libc.a(lib_a-freer.o)
                0x000000001000512c                _free_r
 .text._fwalk_reent
                0x0000000010005338       0x48 /home/eddie/arm/arm_tools/bin/../lib/gcc/arm-none-eabi/10.3.1/../../../../arm-none-eabi/lib/thumb/v7e-m+fp/softfp/libc.a(lib_a-fwalk.o)
                0x0000000010005338                _fwalk_reent
 .text.__libc_init_array
                0x0000000010005380       0x48 /home/eddie/arm/arm_tools/bin/../lib/gcc/arm-none-eabi/10.3.1/../../../../arm-none-eabi/lib/thumb/v7e-m+fp/softfp/libc.a(lib_a-init.o)
                0x0000000010005380                __libc_init_array
 .text.__retarget_lock_init_recursive
                0x00000000100053c8        0x4 /home/eddie/arm/arm_tools/bin/../lib/gcc/arm-none-eabi/10.3.1/../../../../arm-none-eabi/lib/thumb/v7e-m+fp/softfp/libc.a(lib_a-lock.o)
                0x00000000100053c8                __retarget_lock_init_recursive
 .text.__retarget_lock_close_recursive
                0x00000000100053cc        0x4 /home/eddie/arm/arm_tools/bin/../lib/gcc/arm-none-eabi/10.3.1/../../../../arm-none-eabi/lib/thumb/v7e-m+fp/softfp/libc.a(lib_a-lock.o)
                0x00000000100053cc                __retarget_lock_close_recursive
 .text.__retarget_lock_acquire_recursive
                0x00000000100053d0        0x4 /home/eddie/arm/arm_tools/bin/../lib/gcc/arm-none-eabi/10.3.1/../../../../arm-none-eabi/lib/thumb/v7e-m+fp/softfp/libc.a(lib_a-lock.o)
                0x00000000100053d0                __retarget_lock_acquire_recursive
 .text.__retarget_lock_release_recursive
                0x00000000100053d4        0x4 /home/eddie/arm/arm_tools/bin/../lib/gcc/arm-none-eabi/10.3.1/../../../../arm-none-eabi/lib/thumb/v7e-m+fp/softfp/libc.a(lib_a-lock.o)
                0x00000000100053d4                __retarget_lock_release_recursive
 .text.malloc   0x00000000100053d8       0x10 /home/eddie/arm/arm_tools/bin/../lib/gcc/arm-none-eabi/10.3.1/../../../../arm-none-eabi/lib/thumb/v7e-m+fp/softfp/libc.a(lib_a-malloc.o)
                0x00000000100053d8                malloc
 .text.free     0x00000000100053e8       0x10 /home/eddie/arm/arm_tools/bin/../lib/gcc/arm-none-eabi/10.3.1/../../../../arm-none-eabi/lib/thumb/v7e-m+fp/softfp/libc.a(lib_a-malloc.o)
                0x00000000100053e8                free
 .text._malloc_r
                0x00000000100053f8      0x560 /home/eddie/arm/arm_tools/bin/../lib/gcc/arm-none-eabi/10.3.1/../../../../arm-none-eabi/lib/thumb/v7e-m+fp/softfp/libc.a(lib_a-mallocr.o)
                0x00000000100053f8                _malloc_r
 .text          0x0000000010005958      0x134 /home/eddie/arm/arm_tools/bin/../lib/gcc/arm-none-eabi/10.3.1/../../../../arm-none-eabi/lib/thumb/v7e-m+fp/softfp/libc.a(lib_a-memcpy.o)
                0x0000000010005958                memcpy
 .text.memset   0x0000000010005a8c       0xa4 /home/eddie/arm/arm_tools/bin/../lib/gcc/arm-none-eabi/10.3.1/../../../../arm-none-eabi/lib/thumb/v7e-m+fp/softfp/libc.a(lib_a-memset.o)
                0x0000000010005a8c                memset
 .text.__malloc_lock
                0x0000000010005b30        0xc /home/eddie/arm/arm_tools/bin/../lib/gcc/arm-none-eabi/10.3.1/../../../../arm-none-eabi/lib/thumb/v7e-m+fp/softfp/libc.a(lib_a-mlock.o)
                0x0000000010005b30                __malloc_lock
 .text.__malloc_unlock
                0x0000000010005b3c        0xc /home/eddie/arm/arm_tools/bin/../lib/gcc/arm-none-eabi/10.3.1/../../../../arm-none-eabi/lib/thumb/v7e-m+fp/softfp/libc.a(lib_a-mlock.o)
                0x0000000010005b3c                __malloc_unlock
 .text.printf   0x0000000010005b48       0x28 /home/eddie/arm/arm_tools/bin/../lib/gcc/arm-none-eabi/10.3.1/../../../../arm-none-eabi/lib/thumb/v7e-m+fp/softfp/libc.a(lib_a-printf.o)
                0x0000000010005b48                printf
 .text.putchar  0x0000000010005b70       0x10 /home/eddie/arm/arm_tools/bin/../lib/gcc/arm-none-eabi/10.3.1/../../../../arm-none-eabi/lib/thumb/v7e-m+fp/softfp/libc.a(lib_a-putchar.o)
                0x0000000010005b70                putchar
 .text._puts_r  0x0000000010005b80       0x9c /home/eddie/arm/arm_tools/bin/../lib/gcc/arm-none-eabi/10.3.1/../../../../arm-none-eabi/lib/thumb/v7e-m+fp/softfp/libc.a(lib_a-puts.o)
                0x0000000010005b80                _puts_r
 .text.puts     0x0000000010005c1c       0x10 /home/eddie/arm/arm_tools/bin/../lib/gcc/arm-none-eabi/10.3.1/../../../../arm-none-eabi/lib/thumb/v7e-m+fp/softfp/libc.a(lib_a-puts.o)
                0x0000000010005c1c                puts
 .text._sbrk_r  0x0000000010005c2c       0x24 /home/eddie/arm/arm_tools/bin/../lib/gcc/arm-none-eabi/10.3.1/../../../../arm-none-eabi/lib/thumb/v7e-m+fp/softfp/libc.a(lib_a-sbrkr.o)
                0x0000000010005c2c                _sbrk_r
 .text.snprintf
                0x0000000010005c50       0x88 /home/eddie/arm/arm_tools/bin/../lib/gcc/arm-none-eabi/10.3.1/../../../../arm-none-eabi/lib/thumb/v7e-m+fp/softfp/libc.a(lib_a-snprintf.o)
                0x0000000010005c50                snprintf
 .text.sprintf  0x0000000010005cd8       0x40 /home/eddie/arm/arm_tools/bin/../lib/gcc/arm-none-eabi/10.3.1/../../../../arm-none-eabi/lib/thumb/v7e-m+fp/softfp/libc.a(lib_a-sprintf.o)
                0x0000000010005cd8                sprintf
 .text.__sread  0x0000000010005d18       0x24 /home/eddie/arm/arm_tools/bin/../lib/gcc/arm-none-eabi/10.3.1/../../../../arm-none-eabi/lib/thumb/v7e-m+fp/softfp/libc.a(lib_a-stdio.o)
                0x0000000010005d18                __sread
 .text.__swrite
                0x0000000010005d3c       0x40 /home/eddie/arm/arm_tools/bin/../lib/gcc/arm-none-eabi/10.3.1/../../../../arm-none-eabi/lib/thumb/v7e-m+fp/softfp/libc.a(lib_a-stdio.o)
                0x0000000010005d3c                __swrite
 .text.__sseek  0x0000000010005d7c       0x20 /home/eddie/arm/arm_tools/bin/../lib/gcc/arm-none-eabi/10.3.1/../../../../arm-none-eabi/lib/thumb/v7e-m+fp/softfp/libc.a(lib_a-stdio.o)
                0x0000000010005d7c                __sseek
 .text.__sclose
                0x0000000010005d9c        0x8 /home/eddie/arm/arm_tools/bin/../lib/gcc/arm-none-eabi/10.3.1/../../../../arm-none-eabi/lib/thumb/v7e-m+fp/softfp/libc.a(lib_a-stdio.o)
                0x0000000010005d9c                __sclose
 .text.strcpy   0x0000000010005da4       0xbc /home/eddie/arm/arm_tools/bin/../lib/gcc/arm-none-eabi/10.3.1/../../../../arm-none-eabi/lib/thumb/v7e-m+fp/softfp/libc.a(lib_a-strcpy.o)
                0x0000000010005da4                strcpy
 *fill*         0x0000000010005e60       0x20 
 .text          0x0000000010005e80       0xdc /home/eddie/arm/arm_tools/bin/../lib/gcc/arm-none-eabi/10.3.1/../../../../arm-none-eabi/lib/thumb/v7e-m+fp/softfp/libc.a(lib_a-strlen.o)
                0x0000000010005e80                strlen
 .text.strncat  0x0000000010005f5c       0x5c /home/eddie/arm/arm_tools/bin/../lib/gcc/arm-none-eabi/10.3.1/../../../../arm-none-eabi/lib/thumb/v7e-m+fp/softfp/libc.a(lib_a-strncat.o)
                0x0000000010005f5c                strncat
 .text.strncmp  0x0000000010005fb8       0x80 /home/eddie/arm/arm_tools/bin/../lib/gcc/arm-none-eabi/10.3.1/../../../../arm-none-eabi/lib/thumb/v7e-m+fp/softfp/libc.a(lib_a-strncmp.o)
                0x0000000010005fb8                strncmp
 .text.strncpy  0x0000000010006038       0x64 /home/eddie/arm/arm_tools/bin/../lib/gcc/arm-none-eabi/10.3.1/../../../../arm-none-eabi/lib/thumb/v7e-m+fp/softfp/libc.a(lib_a-strncpy.o)
                0x0000000010006038                strncpy
 *fill*         0x000000001000609c        0x4 
 .text._svfprintf_r
                0x00000000100060a0     0x1ac8 /home/eddie/arm/arm_tools/bin/../lib/gcc/arm-none-eabi/10.3.1/../../../../arm-none-eabi/lib/thumb/v7e-m+fp/softfp/libc.a(lib_a-svfprintf.o)
                0x00000000100060a0                _svfprintf_r
 .text._vfprintf_r
                0x0000000010007b68     0x1b8c /home/eddie/arm/arm_tools/bin/../lib/gcc/arm-none-eabi/10.3.1/../../../../arm-none-eabi/lib/thumb/v7e-m+fp/softfp/libc.a(lib_a-vfprintf.o)
                0x0000000010007b68                _vfprintf_r
 .text.__sbprintf
                0x00000000100096f4       0x80 /home/eddie/arm/arm_tools/bin/../lib/gcc/arm-none-eabi/10.3.1/../../../../arm-none-eabi/lib/thumb/v7e-m+fp/softfp/libc.a(lib_a-vfprintf.o)
 .text._write_r
                0x0000000010009774       0x2c /home/eddie/arm/arm_tools/bin/../lib/gcc/arm-none-eabi/10.3.1/../../../../arm-none-eabi/lib/thumb/v7e-m+fp/softfp/libc.a(lib_a-writer.o)
                0x0000000010009774                _write_r
 .text.__swsetup_r
                0x00000000100097a0       0xd4 /home/eddie/arm/arm_tools/bin/../lib/gcc/arm-none-eabi/10.3.1/../../../../arm-none-eabi/lib/thumb/v7e-m+fp/softfp/libc.a(lib_a-wsetup.o)
                0x00000000100097a0                __swsetup_r
 .text.startup.register_fini
                0x0000000010009874       0x14 /home/eddie/arm/arm_tools/bin/../lib/gcc/arm-none-eabi/10.3.1/../../../../arm-none-eabi/lib/thumb/v7e-m+fp/softfp/libc.a(lib_a-__call_atexit.o)
 .text.atexit   0x0000000010009888        0xc /home/eddie/arm/arm_tools/bin/../lib/gcc/arm-none-eabi/10.3.1/../../../../arm-none-eabi/lib/thumb/v7e-m+fp/softfp/libc.a(lib_a-atexit.o)
                0x0000000010009888                atexit
 .text._close_r
                0x0000000010009894       0x24 /home/eddie/arm/arm_tools/bin/../lib/gcc/arm-none-eabi/10.3.1/../../../../arm-none-eabi/lib/thumb/v7e-m+fp/softfp/libc.a(lib_a-closer.o)
                0x0000000010009894                _close_r
 .text.quorem   0x00000000100098b8      0x128 /home/eddie/arm/arm_tools/bin/../lib/gcc/arm-none-eabi/10.3.1/../../../../arm-none-eabi/lib/thumb/v7e-m+fp/softfp/libc.a(lib_a-dtoa.o)
 .text._dtoa_r  0x00000000100099e0      0xf34 /home/eddie/arm/arm_tools/bin/../lib/gcc/arm-none-eabi/10.3.1/../../../../arm-none-eabi/lib/thumb/v7e-m+fp/softfp/libc.a(lib_a-dtoa.o)
                0x00000000100099e0                _dtoa_r
 .text._fclose_r
                0x000000001000a914       0xcc /home/eddie/arm/arm_tools/bin/../lib/gcc/arm-none-eabi/10.3.1/../../../../arm-none-eabi/lib/thumb/v7e-m+fp/softfp/libc.a(lib_a-fclose.o)
                0x000000001000a914                _fclose_r
 .text.__libc_fini_array
                0x000000001000a9e0       0x2c /home/eddie/arm/arm_tools/bin/../lib/gcc/arm-none-eabi/10.3.1/../../../../arm-none-eabi/lib/thumb/v7e-m+fp/softfp/libc.a(lib_a-fini.o)
                0x000000001000a9e0                __libc_fini_array
 .text.__sfvwrite_r
                0x000000001000aa0c      0x2f0 /home/eddie/arm/arm_tools/bin/../lib/gcc/arm-none-eabi/10.3.1/../../../../arm-none-eabi/lib/thumb/v7e-m+fp/softfp/libc.a(lib_a-fvwrite.o)
                0x000000001000aa0c                __sfvwrite_r
 .text._localeconv_r
                0x000000001000acfc        0x8 /home/eddie/arm/arm_tools/bin/../lib/gcc/arm-none-eabi/10.3.1/../../../../arm-none-eabi/lib/thumb/v7e-m+fp/softfp/libc.a(lib_a-localeconv.o)
                0x000000001000acfc                _localeconv_r
 .text._lseek_r
                0x000000001000ad04       0x2c /home/eddie/arm/arm_tools/bin/../lib/gcc/arm-none-eabi/10.3.1/../../../../arm-none-eabi/lib/thumb/v7e-m+fp/softfp/libc.a(lib_a-lseekr.o)
                0x000000001000ad04                _lseek_r
 .text.__smakebuf_r
                0x000000001000ad30       0xe0 /home/eddie/arm/arm_tools/bin/../lib/gcc/arm-none-eabi/10.3.1/../../../../arm-none-eabi/lib/thumb/v7e-m+fp/softfp/libc.a(lib_a-makebuf.o)
                0x000000001000ad30                __smakebuf_r
 .text          0x000000001000ae10       0xa0 /home/eddie/arm/arm_tools/bin/../lib/gcc/arm-none-eabi/10.3.1/../../../../arm-none-eabi/lib/thumb/v7e-m+fp/softfp/libc.a(lib_a-memchr.o)
                0x000000001000ae10                memchr
 .text.memmove  0x000000001000aeb0       0xf8 /home/eddie/arm/arm_tools/bin/../lib/gcc/arm-none-eabi/10.3.1/../../../../arm-none-eabi/lib/thumb/v7e-m+fp/softfp/libc.a(lib_a-memmove.o)
                0x000000001000aeb0                memmove
 .text._Balloc  0x000000001000afa8       0x4c /home/eddie/arm/arm_tools/bin/../lib/gcc/arm-none-eabi/10.3.1/../../../../arm-none-eabi/lib/thumb/v7e-m+fp/softfp/libc.a(lib_a-mprec.o)
                0x000000001000afa8                _Balloc
 .text._Bfree   0x000000001000aff4       0x14 /home/eddie/arm/arm_tools/bin/../lib/gcc/arm-none-eabi/10.3.1/../../../../arm-none-eabi/lib/thumb/v7e-m+fp/softfp/libc.a(lib_a-mprec.o)
                0x000000001000aff4                _Bfree
 .text.__multadd
                0x000000001000b008       0xa8 /home/eddie/arm/arm_tools/bin/../lib/gcc/arm-none-eabi/10.3.1/../../../../arm-none-eabi/lib/thumb/v7e-m+fp/softfp/libc.a(lib_a-mprec.o)
                0x000000001000b008                __multadd
 .text.__hi0bits
                0x000000001000b0b0       0x40 /home/eddie/arm/arm_tools/bin/../lib/gcc/arm-none-eabi/10.3.1/../../../../arm-none-eabi/lib/thumb/v7e-m+fp/softfp/libc.a(lib_a-mprec.o)
                0x000000001000b0b0                __hi0bits
 .text.__lo0bits
                0x000000001000b0f0       0x60 /home/eddie/arm/arm_tools/bin/../lib/gcc/arm-none-eabi/10.3.1/../../../../arm-none-eabi/lib/thumb/v7e-m+fp/softfp/libc.a(lib_a-mprec.o)
                0x000000001000b0f0                __lo0bits
 .text.__i2b    0x000000001000b150       0x5c /home/eddie/arm/arm_tools/bin/../lib/gcc/arm-none-eabi/10.3.1/../../../../arm-none-eabi/lib/thumb/v7e-m+fp/softfp/libc.a(lib_a-mprec.o)
                0x000000001000b150                __i2b
 .text.__multiply
                0x000000001000b1ac      0x15c /home/eddie/arm/arm_tools/bin/../lib/gcc/arm-none-eabi/10.3.1/../../../../arm-none-eabi/lib/thumb/v7e-m+fp/softfp/libc.a(lib_a-mprec.o)
                0x000000001000b1ac                __multiply
 .text.__pow5mult
                0x000000001000b308       0xc0 /home/eddie/arm/arm_tools/bin/../lib/gcc/arm-none-eabi/10.3.1/../../../../arm-none-eabi/lib/thumb/v7e-m+fp/softfp/libc.a(lib_a-mprec.o)
                0x000000001000b308                __pow5mult
 .text.__lshift
                0x000000001000b3c8       0xf0 /home/eddie/arm/arm_tools/bin/../lib/gcc/arm-none-eabi/10.3.1/../../../../arm-none-eabi/lib/thumb/v7e-m+fp/softfp/libc.a(lib_a-mprec.o)
                0x000000001000b3c8                __lshift
 .text.__mcmp   0x000000001000b4b8       0x44 /home/eddie/arm/arm_tools/bin/../lib/gcc/arm-none-eabi/10.3.1/../../../../arm-none-eabi/lib/thumb/v7e-m+fp/softfp/libc.a(lib_a-mprec.o)
                0x000000001000b4b8                __mcmp
 .text.__mdiff  0x000000001000b4fc      0x14c /home/eddie/arm/arm_tools/bin/../lib/gcc/arm-none-eabi/10.3.1/../../../../arm-none-eabi/lib/thumb/v7e-m+fp/softfp/libc.a(lib_a-mprec.o)
                0x000000001000b4fc                __mdiff
 .text.__d2b    0x000000001000b648       0xc4 /home/eddie/arm/arm_tools/bin/../lib/gcc/arm-none-eabi/10.3.1/../../../../arm-none-eabi/lib/thumb/v7e-m+fp/softfp/libc.a(lib_a-mprec.o)
                0x000000001000b648                __d2b
 .text._putc_r  0x000000001000b70c       0x74 /home/eddie/arm/arm_tools/bin/../lib/gcc/arm-none-eabi/10.3.1/../../../../arm-none-eabi/lib/thumb/v7e-m+fp/softfp/libc.a(lib_a-putc.o)
                0x000000001000b70c                _putc_r
 .text._read_r  0x000000001000b780       0x2c /home/eddie/arm/arm_tools/bin/../lib/gcc/arm-none-eabi/10.3.1/../../../../arm-none-eabi/lib/thumb/v7e-m+fp/softfp/libc.a(lib_a-readr.o)
                0x000000001000b780                _read_r
 .text._realloc_r
                0x000000001000b7ac      0x3d8 /home/eddie/arm/arm_tools/bin/../lib/gcc/arm-none-eabi/10.3.1/../../../../arm-none-eabi/lib/thumb/v7e-m+fp/softfp/libc.a(lib_a-reallocr.o)
                0x000000001000b7ac                _realloc_r
 .text.frexp    0x000000001000bb84       0x70 /home/eddie/arm/arm_tools/bin/../lib/gcc/arm-none-eabi/10.3.1/../../../../arm-none-eabi/lib/thumb/v7e-m+fp/softfp/libc.a(lib_a-s_frexp.o)
                0x000000001000bb84                frexp
 .text.__ssprint_r
                0x000000001000bbf4       0xf8 /home/eddie/arm/arm_tools/bin/../lib/gcc/arm-none-eabi/10.3.1/../../../../arm-none-eabi/lib/thumb/v7e-m+fp/softfp/libc.a(lib_a-svfiprintf.o)
                0x000000001000bbf4                __ssprint_r
 .text.__sprint_r.part.0
                0x000000001000bcec       0x78 /home/eddie/arm/arm_tools/bin/../lib/gcc/arm-none-eabi/10.3.1/../../../../arm-none-eabi/lib/thumb/v7e-m+fp/softfp/libc.a(lib_a-vfiprintf.o)
 .text.__sprint_r
                0x000000001000bd64       0x18 /home/eddie/arm/arm_tools/bin/../lib/gcc/arm-none-eabi/10.3.1/../../../../arm-none-eabi/lib/thumb/v7e-m+fp/softfp/libc.a(lib_a-vfiprintf.o)
                0x000000001000bd64                __sprint_r
 .text._vfiprintf_r
                0x000000001000bd7c      0xdfc /home/eddie/arm/arm_tools/bin/../lib/gcc/arm-none-eabi/10.3.1/../../../../arm-none-eabi/lib/thumb/v7e-m+fp/softfp/libc.a(lib_a-vfiprintf.o)
                0x000000001000bd7c                _vfiprintf_r
 .text.__sbprintf
                0x000000001000cb78       0x80 /home/eddie/arm/arm_tools/bin/../lib/gcc/arm-none-eabi/10.3.1/../../../../arm-none-eabi/lib/thumb/v7e-m+fp/softfp/libc.a(lib_a-vfiprintf.o)
 .text.__swbuf_r
                0x000000001000cbf8       0xb0 /home/eddie/arm/arm_tools/bin/../lib/gcc/arm-none-eabi/10.3.1/../../../../arm-none-eabi/lib/thumb/v7e-m+fp/softfp/libc.a(lib_a-wbuf.o)
                0x000000001000cbf8                __swbuf_r
 .text.__register_exitproc
                0x000000001000cca8       0x8c /home/eddie/arm/arm_tools/bin/../lib/gcc/arm-none-eabi/10.3.1/../../../../arm-none-eabi/lib/thumb/v7e-m+fp/softfp/libc.a(lib_a-__atexit.o)
                0x000000001000cca8                __register_exitproc
 .text.__assert_func
                0x000000001000cd34       0x40 /home/eddie/arm/arm_tools/bin/../lib/gcc/arm-none-eabi/10.3.1/../../../../arm-none-eabi/lib/thumb/v7e-m+fp/softfp/libc.a(lib_a-assert.o)
                0x000000001000cd34                __assert_func
 .text._calloc_r
                0x000000001000cd74       0x78 /home/eddie/arm/arm_tools/bin/../lib/gcc/arm-none-eabi/10.3.1/../../../../arm-none-eabi/lib/thumb/v7e-m+fp/softfp/libc.a(lib_a-callocr.o)
                0x000000001000cd74                _calloc_r
 .text.fiprintf
                0x000000001000cdec       0x28 /home/eddie/arm/arm_tools/bin/../lib/gcc/arm-none-eabi/10.3.1/../../../../arm-none-eabi/lib/thumb/v7e-m+fp/softfp/libc.a(lib_a-fiprintf.o)
                0x000000001000cdec                fiprintf
 .text.__fputwc
                0x000000001000ce14       0xa8 /home/eddie/arm/arm_tools/bin/../lib/gcc/arm-none-eabi/10.3.1/../../../../arm-none-eabi/lib/thumb/v7e-m+fp/softfp/libc.a(lib_a-fputwc.o)
                0x000000001000ce14                __fputwc
 .text._fputwc_r
                0x000000001000cebc       0x68 /home/eddie/arm/arm_tools/bin/../lib/gcc/arm-none-eabi/10.3.1/../../../../arm-none-eabi/lib/thumb/v7e-m+fp/softfp/libc.a(lib_a-fputwc.o)
                0x000000001000cebc                _fputwc_r
 .text._fstat_r
                0x000000001000cf24       0x2c /home/eddie/arm/arm_tools/bin/../lib/gcc/arm-none-eabi/10.3.1/../../../../arm-none-eabi/lib/thumb/v7e-m+fp/softfp/libc.a(lib_a-fstatr.o)
                0x000000001000cf24                _fstat_r
 .text._isatty_r
                0x000000001000cf50       0x24 /home/eddie/arm/arm_tools/bin/../lib/gcc/arm-none-eabi/10.3.1/../../../../arm-none-eabi/lib/thumb/v7e-m+fp/softfp/libc.a(lib_a-isattyr.o)
                0x000000001000cf50                _isatty_r
 .text.__locale_mb_cur_max
                0x000000001000cf74        0xc /home/eddie/arm/arm_tools/bin/../lib/gcc/arm-none-eabi/10.3.1/../../../../arm-none-eabi/lib/thumb/v7e-m+fp/softfp/libc.a(lib_a-locale.o)
                0x000000001000cf74                __locale_mb_cur_max
 .text.__ascii_mbtowc
                0x000000001000cf80       0x2c /home/eddie/arm/arm_tools/bin/../lib/gcc/arm-none-eabi/10.3.1/../../../../arm-none-eabi/lib/thumb/v7e-m+fp/softfp/libc.a(lib_a-mbtowc_r.o)
                0x000000001000cf80                __ascii_mbtowc
 .text._wcrtomb_r
                0x000000001000cfac       0x3c /home/eddie/arm/arm_tools/bin/../lib/gcc/arm-none-eabi/10.3.1/../../../../arm-none-eabi/lib/thumb/v7e-m+fp/softfp/libc.a(lib_a-wcrtomb.o)
                0x000000001000cfac                _wcrtomb_r
 .text.__ascii_wctomb
                0x000000001000cfe8       0x1c /home/eddie/arm/arm_tools/bin/../lib/gcc/arm-none-eabi/10.3.1/../../../../arm-none-eabi/lib/thumb/v7e-m+fp/softfp/libc.a(lib_a-wctomb_r.o)
                0x000000001000cfe8                __ascii_wctomb
 .text.abort    0x000000001000d004       0x10 /home/eddie/arm/arm_tools/bin/../lib/gcc/arm-none-eabi/10.3.1/../../../../arm-none-eabi/lib/thumb/v7e-m+fp/softfp/libc.a(lib_a-abort.o)
                0x000000001000d004                abort
 .text.raise    0x000000001000d014       0x5c /home/eddie/arm/arm_tools/bin/../lib/gcc/arm-none-eabi/10.3.1/../../../../arm-none-eabi/lib/thumb/v7e-m+fp/softfp/libc.a(lib_a-signal.o)
                0x000000001000d014                raise
 .text._kill_r  0x000000001000d070       0x2c /home/eddie/arm/arm_tools/bin/../lib/gcc/arm-none-eabi/10.3.1/../../../../arm-none-eabi/lib/thumb/v7e-m+fp/softfp/libc.a(lib_a-signalr.o)
                0x000000001000d070                _kill_r
 .text._getpid_r
                0x000000001000d09c        0x4 /home/eddie/arm/arm_tools/bin/../lib/gcc/arm-none-eabi/10.3.1/../../../../arm-none-eabi/lib/thumb/v7e-m+fp/softfp/libc.a(lib_a-signalr.o)
                0x000000001000d09c                _getpid_r
 .text._getpid  0x000000001000d0a0       0x10 /home/eddie/arm/arm_tools/bin/../lib/gcc/arm-none-eabi/10.3.1/../../../../arm-none-eabi/lib/thumb/v7e-m+fp/softfp/libnosys.a(getpid.o)
                0x000000001000d0a0                _getpid
 .text._kill    0x000000001000d0b0       0x10 /home/eddie/arm/arm_tools/bin/../lib/gcc/arm-none-eabi/10.3.1/../../../../arm-none-eabi/lib/thumb/v7e-m+fp/softfp/libnosys.a(kill.o)
                0x000000001000d0b0                _kill
 .text._exit    0x000000001000d0c0        0x4 /home/eddie/arm/arm_tools/bin/../lib/gcc/arm-none-eabi/10.3.1/../../../../arm-none-eabi/lib/thumb/v7e-m+fp/softfp/libnosys.a(_exit.o)
                0x000000001000d0c0                _exit
 .text          0x000000001000d0c4      0x378 /home/eddie/arm/arm_tools/bin/../lib/gcc/arm-none-eabi/10.3.1/thumb/v7e-m+fp/softfp/libgcc.a(_arm_addsubdf3.o)
                0x000000001000d0c4                __aeabi_drsub
                0x000000001000d0cc                __aeabi_dsub
                0x000000001000d0cc                __subdf3
                0x000000001000d0d0                __adddf3
                0x000000001000d0d0                __aeabi_dadd
                0x000000001000d348                __aeabi_ui2d
                0x000000001000d348                __floatunsidf
                0x000000001000d368                __floatsidf
                0x000000001000d368                __aeabi_i2d
                0x000000001000d38c                __extendsfdf2
                0x000000001000d38c                __aeabi_f2d
                0x000000001000d3d0                __aeabi_ul2d
                0x000000001000d3d0                __floatundidf
                0x000000001000d3e0                __floatdidf
                0x000000001000d3e0                __aeabi_l2d
 .text          0x000000001000d43c      0x424 /home/eddie/arm/arm_tools/bin/../lib/gcc/arm-none-eabi/10.3.1/thumb/v7e-m+fp/softfp/libgcc.a(_arm_muldivdf3.o)
                0x000000001000d43c                __aeabi_dmul
                0x000000001000d43c                __muldf3
                0x000000001000d690                __aeabi_ddiv
                0x000000001000d690                __divdf3
 .text          0x000000001000d860      0x110 /home/eddie/arm/arm_tools/bin/../lib/gcc/arm-none-eabi/10.3.1/thumb/v7e-m+fp/softfp/libgcc.a(_arm_cmpdf2.o)
                0x000000001000d860                __gtdf2
                0x000000001000d860                __gedf2
                0x000000001000d868                __ltdf2
                0x000000001000d868                __ledf2
                0x000000001000d870                __cmpdf2
                0x000000001000d870                __eqdf2
                0x000000001000d870                __nedf2
                0x000000001000d8ec                __aeabi_cdrcmple
                0x000000001000d8fc                __aeabi_cdcmple
                0x000000001000d8fc                __aeabi_cdcmpeq
                0x000000001000d90c                __aeabi_dcmpeq
                0x000000001000d920                __aeabi_dcmplt